BL51 BANKED LINKER/LOCATER V6.22                                                        04/11/2016  14:38:45  PAGE 1


BL51 BANKED LINKER/LOCATER V6.22, INVOKED BY:
D:\KEIL\C51\BIN\BL51.EXE STARTUP.obj, main.obj, usart.obj, key.obj, tm1629.obj, timer.obj, ds1302.obj, ev1527.obj, decod
>> er.obj, at24c256.obj, gd5800.obj, com.obj TO Receiver_keil RAMSIZE (256)


MEMORY MODEL: LARGE


INPUT MODULES INCLUDED:
  STARTUP.obj (?C_STARTUP)
  main.obj (MAIN)
  usart.obj (USART)
  key.obj (KEY)
  tm1629.obj (TM1629)
  timer.obj (TIMER)
  ds1302.obj (DS1302)
  ev1527.obj (EV1527)
  decoder.obj (DECODER)
  at24c256.obj (AT24C256)
  gd5800.obj (GD5800)
  com.obj (COM)
  D:\KEIL\C51\LIB\C51L.LIB (?C_INIT)
  D:\KEIL\C51\LIB\C51L.LIB (?C?COPY)
  D:\KEIL\C51\LIB\C51L.LIB (?C?CLDPTR)
  D:\KEIL\C51\LIB\C51L.LIB (?C?CLDOPTR)
  D:\KEIL\C51\LIB\C51L.LIB (?C?CSTPTR)
  D:\KEIL\C51\LIB\C51L.LIB (?C?CSTOPTR)
  D:\KEIL\C51\LIB\C51L.LIB (?C?IMUL)
  D:\KEIL\C51\LIB\C51L.LIB (?C?UIDIV)
  D:\KEIL\C51\LIB\C51L.LIB (?C?ILDIX)
  D:\KEIL\C51\LIB\C51L.LIB (?C?ULCMP)
  D:\KEIL\C51\LIB\C51L.LIB (?C?LSHL)
  D:\KEIL\C51\LIB\C51L.LIB (?C?LLDPTR)
  D:\KEIL\C51\LIB\C51L.LIB (?C?LLDOPTR)
  D:\KEIL\C51\LIB\C51L.LIB (?C?LSTPTR)
  D:\KEIL\C51\LIB\C51L.LIB (?C?LSTXDATA)
  D:\KEIL\C51\LIB\C51L.LIB (?C?CCASE)
  D:\KEIL\C51\LIB\C51L.LIB (?C?ICALL)
  D:\KEIL\C51\LIB\C51L.LIB (?C?STRCMP)
  D:\KEIL\C51\LIB\C51L.LIB (?C?MEMSET)
  D:\KEIL\C51\LIB\C51L.LIB (VSPRINTF)
  D:\KEIL\C51\LIB\C51L.LIB (?C?LLDIDATA)
  D:\KEIL\C51\LIB\C51L.LIB (?C?LLDXDATA)
  D:\KEIL\C51\LIB\C51L.LIB (?C?LLDPDATA)
  D:\KEIL\C51\LIB\C51L.LIB (?C?LLDCODE)
  D:\KEIL\C51\LIB\C51L.LIB (?C?LSTIDATA)
  D:\KEIL\C51\LIB\C51L.LIB (?C?LSTPDATA)
  D:\KEIL\C51\LIB\C51L.LIB (PRINTF)
  D:\KEIL\C51\LIB\C51L.LIB (?C?PLDIXDATA)
  D:\KEIL\C51\LIB\C51L.LIB (?C?PSTXDATA)
  D:\KEIL\C51\LIB\C51L.LIB (PUTCHAR)


LINK MAP OF MODULE:  Receiver_keil (?C_STARTUP)


            TYPE    BASE      LENGTH    RELOCATION   SEGMENT NAME
            -----------------------------------------------------
BL51 BANKED LINKER/LOCATER V6.22                                                      04/11/2016  14:38:45  PAGE 2



            * * * * * * *   D A T A   M E M O R Y   * * * * * * *
            REG     0000H     0008H     ABSOLUTE     "REG BANK 0"
            REG     0008H     0008H     ABSOLUTE     "REG BANK 1"
            DATA    0010H     0005H     UNIT         ?DT?PRINTF?PRINTF
                    0015H     000BH                  *** GAP ***
            BIT     0020H.0   0001H.1   UNIT         ?BI?PRINTF?PRINTF
            BIT     0021H.1   0000H.1   UNIT         ?BI?USART
            BIT     0021H.2   0000H.1   UNIT         ?BI?AT24C256
                    0021H.3   0000H.5                *** GAP ***
            IDATA   0022H     0001H     UNIT         ?STACK

            * * * * * * *  X D A T A   M E M O R Y  * * * * * * *
            XDATA   0000H     03A1H     UNIT         ?XD?TM1629
            XDATA   03A1H     012EH     UNIT         ?XD?_UART_PRINTF?USART
            XDATA   04CFH     0051H     UNIT         _XDATA_GROUP_
            XDATA   0520H     0043H     UNIT         ?XD?KEY
            XDATA   0563H     0028H     UNIT         ?XD?PRINTF?PRINTF
            XDATA   058BH     0025H     UNIT         ?XD?EV1527
            XDATA   05B0H     001CH     UNIT         ?XD?DECODER
            XDATA   05CCH     0013H     UNIT         ?XD?USART
            XDATA   05DFH     0010H     UNIT         ?XD?DS1302
            XDATA   05EFH     0010H     UNIT         ?XD?AT24C256
            XDATA   05FFH     000EH     UNIT         ?XD?TIMER
            XDATA   060DH     0006H     UNIT         ?XD?_VSPRINTF?VSPRINTF
            XDATA   0613H     0003H     UNIT         ?XD?_USART1_SENDSTRING?USART
            XDATA   0616H     0003H     UNIT         ?XD?_USART2_SENDSTRING?USART
            XDATA   0619H     0003H     UNIT         ?XD?_SENDSTRING?USART

            * * * * * * *   C O D E   M E M O R Y   * * * * * * *
            CODE    0000H     0003H     ABSOLUTE     
            CODE    0003H     0003H     ABSOLUTE     
            CODE    0006H     0005H     UNIT         ?PR?FUN1?TM1629
            CODE    000BH     0003H     ABSOLUTE     
            CODE    000EH     000DH     UNIT         ?PR?FUN14?TM1629
            CODE    001BH     0003H     ABSOLUTE     
            CODE    001EH     0005H     UNIT         ?PR?FUN11?TM1629
            CODE    0023H     0003H     ABSOLUTE     
            CODE    0026H     001DH     UNIT         ?PR?FUN53?TM1629
            CODE    0043H     0003H     ABSOLUTE     
            CODE    0046H     0F7CH     UNIT         ?PR?DECODERPROCESS?DECODER
            CODE    0FC2H     0D14H     UNIT         ?PR?KEYPROCESS?KEY
            CODE    1CD6H     0561H     UNIT         ?C_INITSEG
            CODE    2237H     04E6H     UNIT         ?C?LIB_CODE
            CODE    271DH     0409H     UNIT         ?PR?KEYSCAN?KEY
            CODE    2B26H     0365H     UNIT         ?PR?PRINTF?PRINTF
            CODE    2E8BH     0358H     UNIT         ?CO?KEY
            CODE    31E3H     02AEH     UNIT         ?PR?RF_DECODE_MAIN_SJZ_TEST?EV1527
            CODE    3491H     022EH     UNIT         ?PR?_CANCEL_FUNTION?TM1629
            CODE    36BFH     01D5H     UNIT         ?PR?_MCURAM_TO_DISPLAYRAM?TM1629
            CODE    3894H     01CDH     UNIT         ?PR?_SUBMENUF6_1?GD5800
            CODE    3A61H     01CAH     UNIT         ?PR?_MCU_TO_COMPUTER?COM
            CODE    3C2BH     01BDH     UNIT         ?PR?ENV_INIT?KEY
            CODE    3DE8H     01B1H     UNIT         ?PR?LOGOUTPROCESS?TM1629
            CODE    3F99H     01A9H     UNIT         ?PR?DISPLAY_TIME?TM1629
            CODE    4142H     017CH     UNIT         ?PR?CYCLEPROCESS?TM1629
            CODE    42BEH     0170H     UNIT         ?PR?_SEARCH_FUNTION?TM1629
BL51 BANKED LINKER/LOCATER V6.22                                                      04/11/2016  14:38:45  PAGE 3


            CODE    442EH     0160H     UNIT         ?PR?TM1629_LOAD?TM1629
            CODE    458EH     014BH     UNIT         ?PR?RECEIVE_RF_DECODER?EV1527
            CODE    46D9H     0147H     UNIT         ?PR?_SUBMENUF6_1_VOICESELECT?GD5800
            CODE    4820H     013BH     UNIT         ?PR?TIMER0_ISR?TIMER
            CODE    495BH     0138H     UNIT         ?PR?_REGISTER_ALARM_FUNCTION?AT24C256
            CODE    4A93H     0138H     UNIT         ?PR?_REGISTER_CANCEL_FUNCTION?AT24C256
            CODE    4BCBH     0137H     UNIT         ?PR?RF_DECODE_MAIN?EV1527
            CODE    4D02H     0131H     UNIT         ?PR?_REGISTER_HOST_FUNCTION?AT24C256
            CODE    4E33H     012CH     UNIT         ?PR?KEYDECODER?KEY
            CODE    4F5FH     012BH     UNIT         ?PR?_DELETE_ALARM_FUNCTION?AT24C256
            CODE    508AH     012BH     UNIT         ?PR?_DELETE_CANCEL_FUNCTION?AT24C256
            CODE    51B5H     0126H     UNIT         ?PR?_REGISTER_CALL_FUNCTION?AT24C256
            CODE    52DBH     0124H     UNIT         ?PR?_DELETE_HOST_FUNCTION?AT24C256
            CODE    53FFH     0114H     UNIT         ?PR?_DELETE_CALL_FUNCTION?AT24C256
            CODE    5513H     00F9H     UNIT         ?PR?CYCLEDOWN?TM1629
            CODE    560CH     00DBH     UNIT         ?PR?_DECODER_TEMP_TO_MCURAM?TM1629
            CODE    56E7H     00D3H     UNIT         ?PR?_FIND_RF_EEPROM_HOST?AT24C256
            CODE    57BAH     00D3H     UNIT         ?PR?_FIND_RF_EEPROM_ALARM?AT24C256
            CODE    588DH     00D3H     UNIT         ?PR?_FIND_RF_EEPROM_CANCEL?AT24C256
            CODE    5960H     00CCH     UNIT         ?PR?_FIND_RF_EEPROM_CALL?AT24C256
            CODE    5A2CH     00C6H     UNIT         ?PR?CYCLEUP?TM1629
            CODE    5AF2H     00C3H     UNIT         ?PR?FUN105?TM1629
            CODE    5BB5H     00C1H     UNIT         ?PR?UART?USART
            CODE    5C76H     00BCH     UNIT         ?PR?DISPLAY?TM1629
            CODE    5D32H     00A0H     UNIT         ?CO?AT24C256
            CODE    5DD2H     0098H     UNIT         ?PR?ENV_LOAD?KEY
            CODE    5E6AH     0095H     UNIT         ?PR?FUN106?TM1629
            CODE    5EFFH     0092H     UNIT         ?PR?UART2?USART
            CODE    5F91H     008FH     UNIT         ?PR?DS1302_WRITE_TIME?DS1302
            CODE    6020H     008CH     UNIT         ?C_C51STARTUP
            CODE    60ACH     008BH     UNIT         ?PR?LOGOUT?TM1629
            CODE    6137H     0077H     UNIT         ?PR?DS1302_READ_TIME?DS1302
            CODE    61AEH     0076H     UNIT         ?PR?_IRCVSTR?AT24C256
            CODE    6224H     0069H     UNIT         ?PR?_FIND_RF_EEPROM?AT24C256
            CODE    628DH     005FH     UNIT         ?PR?TM1629_INIT?TM1629
            CODE    62ECH     005FH     UNIT         ?PR?_SHOW_THREE_NUMBER?TM1629
            CODE    634BH     005CH     UNIT         ?PR?DELETE_ALL_DATA?AT24C256
            CODE    63A7H     0059H     UNIT         ?PR?_SHOW_FOUR_NUMBER?TM1629
            CODE    6400H     0055H     UNIT         ?PR?_UART_PRINTF?USART
            CODE    6455H     0055H     UNIT         ?PR?VAR_INIT?KEY
            CODE    64AAH     0055H     UNIT         ?PR?_ISENDSTR?AT24C256
            CODE    64FFH     0051H     UNIT         ?PR?TIMER1_ISR?TIMER
            CODE    6550H     0050H     UNIT         ?PR?FUN49?TM1629
            CODE    65A0H     004EH     UNIT         ?PR?_MCURAM_TO_MCURAM_DOWN?TM1629
            CODE    65EEH     004EH     UNIT         ?PR?_MCURAM_TO_MCURAM_UP?TM1629
            CODE    663CH     004EH     UNIT         ?PR?FUN95?TM1629
            CODE    668AH     004AH     UNIT         ?PR?FUN15?TM1629
            CODE    66D4H     004AH     UNIT         ?PR?_VSPRINTF?VSPRINTF
            CODE    671EH     0048H     UNIT         ?PR?_DISPLAY_LIGHT?TM1629
            CODE    6766H     0048H     UNIT         ?PR?REPLAY_PROCESS?DECODER
            CODE    67AEH     003FH     UNIT         ?PR?_DS1302_WRITE_BYTE?DS1302
            CODE    67EDH     003FH     UNIT         ?PR?_DS1302_READ_BYTE?DS1302
            CODE    682CH     003DH     UNIT         ?PR?_SENDBYTE?AT24C256
            CODE    6869H     003CH     UNIT         ?PR?KEY_INIT?KEY
            CODE    68A5H     003AH     UNIT         ?PR?FUN93?TM1629
            CODE    68DFH     003AH     UNIT         ?PR?_GD5800_SELECT_CHAPTER_NEW?GD5800
            CODE    6919H     0038H     UNIT         ?PR?FUN16?TM1629
BL51 BANKED LINKER/LOCATER V6.22                                                      04/11/2016  14:38:45  PAGE 4


            CODE    6951H     0038H     UNIT         ?PR?FUN17?TM1629
            CODE    6989H     0036H     UNIT         ?PR?FUN94?TM1629
            CODE    69BFH     0035H     UNIT         ?PR?TM1629_AWAIT?TM1629
            CODE    69F4H     0033H     UNIT         ?PR?_USART1_SENDSTRING?USART
            CODE    6A27H     0033H     UNIT         ?PR?_USART2_SENDSTRING?USART
            CODE    6A5AH     0033H     UNIT         ?PR?_SENDSTRING?USART
            CODE    6A8DH     0033H     UNIT         ?PR?_GD5800_SELECT_CHAPTER?GD5800
            CODE    6AC0H     0031H     UNIT         ?PR?FUN20?TM1629
            CODE    6AF1H     0030H     UNIT         ?PR?_SHOW_TWO_NUMBER?TM1629
            CODE    6B21H     002CH     UNIT         ?PR?MAIN?MAIN
            CODE    6B4DH     002BH     UNIT         ?PR?_WRITEDATATO1629?TM1629
            CODE    6B78H     002BH     UNIT         ?PR?_WRITEDATATO1629_2?TM1629
            CODE    6BA3H     002BH     UNIT         ?PR?_WRITEDATATO1629_3?TM1629
            CODE    6BCEH     0029H     UNIT         ?PR?TM1629_CLEAR?TM1629
            CODE    6BF7H     0028H     UNIT         ?PR?FUN19?TM1629
            CODE    6C1FH     0028H     UNIT         ?PR?FUN54?TM1629
            CODE    6C47H     0028H     UNIT         ?PR?FUN55?TM1629
            CODE    6C6FH     0028H     UNIT         ?PR?FUN56?TM1629
            CODE    6C97H     0028H     UNIT         ?PR?FUN58?TM1629
            CODE    6CBFH     0028H     UNIT         ?PR?FUN59?TM1629
            CODE    6CE7H     0028H     UNIT         ?PR?FUN60?TM1629
            CODE    6D0FH     0028H     UNIT         ?PR?FUN62?TM1629
            CODE    6D37H     0028H     UNIT         ?PR?FUN63?TM1629
            CODE    6D5FH     0028H     UNIT         ?PR?FUN64?TM1629
            CODE    6D87H     0028H     UNIT         ?PR?FUN66?TM1629
            CODE    6DAFH     0028H     UNIT         ?PR?FUN67?TM1629
            CODE    6DD7H     0028H     UNIT         ?PR?FUN68?TM1629
            CODE    6DFFH     0028H     UNIT         ?PR?FUN70?TM1629
            CODE    6E27H     0028H     UNIT         ?PR?FUN71?TM1629
            CODE    6E4FH     0028H     UNIT         ?PR?FUN72?TM1629
            CODE    6E77H     0028H     UNIT         ?PR?FUN74?TM1629
            CODE    6E9FH     0028H     UNIT         ?PR?FUN75?TM1629
            CODE    6EC7H     0028H     UNIT         ?PR?FUN76?TM1629
            CODE    6EEFH     0028H     UNIT         ?PR?FUN78?TM1629
            CODE    6F17H     0028H     UNIT         ?PR?FUN79?TM1629
            CODE    6F3FH     0028H     UNIT         ?PR?FUN80?TM1629
            CODE    6F67H     0027H     UNIT         ?PR?PUTCHAR?PUTCHAR
            CODE    6F8EH     0025H     UNIT         ?PR?RCVBYTE?AT24C256
            CODE    6FB3H     0024H     UNIT         ?PR?FUN0?TM1629
            CODE    6FD7H     0024H     UNIT         ?PR?FUN18?TM1629
            CODE    6FFBH     0023H     UNIT         ?PR?USARTINIT?USART
            CODE    701EH     0023H     UNIT         ?PR?FUN57?TM1629
            CODE    7041H     0023H     UNIT         ?PR?FUN61?TM1629
            CODE    7064H     0023H     UNIT         ?PR?FUN65?TM1629
            CODE    7087H     0023H     UNIT         ?PR?FUN69?TM1629
            CODE    70AAH     0023H     UNIT         ?PR?FUN73?TM1629
            CODE    70CDH     0023H     UNIT         ?PR?FUN77?TM1629
            CODE    70F0H     0023H     UNIT         ?PR?FUN81?TM1629
            CODE    7113H     0022H     UNIT         ?PR?FUN50?TM1629
            CODE    7135H     0022H     UNIT         ?PR?FUN51?TM1629
            CODE    7157H     0022H     UNIT         ?PR?FUN52?TM1629
            CODE    7179H     0021H     UNIT         ?PR?_GD5800_SOUND_VOLUME?GD5800
            CODE    719AH     0020H     UNIT         ?CO?TM1629
            CODE    71BAH     001FH     UNIT         ?PR?_TM1629_F?TM1629
            CODE    71D9H     001FH     UNIT         ?PR?_TM1629_E?TM1629
            CODE    71F8H     001EH     UNIT         ?PR?FUN2?TM1629
            CODE    7216H     001EH     UNIT         ?PR?FUN3?TM1629
BL51 BANKED LINKER/LOCATER V6.22                                                      04/11/2016  14:38:45  PAGE 5


            CODE    7234H     001EH     UNIT         ?PR?FUN4?TM1629
            CODE    7252H     001EH     UNIT         ?PR?FUN5?TM1629
            CODE    7270H     001EH     UNIT         ?PR?FUN6?TM1629
            CODE    728EH     001EH     UNIT         ?PR?FUN7?TM1629
            CODE    72ACH     001EH     UNIT         ?PR?FUN8?TM1629
            CODE    72CAH     001EH     UNIT         ?PR?FUN9?TM1629
            CODE    72E8H     001EH     UNIT         ?PR?FUN10?TM1629
            CODE    7306H     001DH     UNIT         ?PR?FUN87?TM1629
            CODE    7323H     001CH     UNIT         ?PR?RF_INI_RECEIVE?EV1527
            CODE    733FH     001AH     UNIT         ?PR?FUN46?TM1629
            CODE    7359H     0019H     UNIT         ?PR?_SEND_COMMAND_2?TM1629
            CODE    7372H     0019H     UNIT         ?PR?_SEND_COMMAND_3?TM1629
            CODE    738BH     0019H     UNIT         ?PR?GD5800_INITIALIZATION?GD5800
            CODE    73A4H     0017H     UNIT         ?PR?_SHOW_ONE_NUMBER?TM1629
            CODE    73BBH     0016H     UNIT         ?PR?_SEND_COMMAND?TM1629
            CODE    73D1H     0016H     UNIT         ?PR?SHOW_OFF?TM1629
            CODE    73E7H     0016H     UNIT         ?PR?START_I2C?AT24C256
            CODE    73FDH     0015H     UNIT         ?PR?FUN103?TM1629
            CODE    7412H     0015H     UNIT         ?PR?_DELAYMS?AT24C256
            CODE    7427H     0014H     UNIT         ?PR?_DELAYMULTI10MS?KEY
            CODE    743BH     0014H     UNIT         ?PR?SHOW_ON?TM1629
            CODE    744FH     0014H     UNIT         ?PR?GD5800_STOP_MUSIC?GD5800
            CODE    7463H     0014H     UNIT         ?PR?GD5800_PLAY_MUSIC?GD5800
            CODE    7477H     0012H     UNIT         ?PR?_TM1629_DELAY?TM1629
            CODE    7489H     0012H     UNIT         ?PR?FUN21?TM1629
            CODE    749BH     0012H     UNIT         ?PR?FUN22?TM1629
            CODE    74ADH     0012H     UNIT         ?PR?FUN23?TM1629
            CODE    74BFH     0012H     UNIT         ?PR?FUN24?TM1629
            CODE    74D1H     0012H     UNIT         ?PR?FUN25?TM1629
            CODE    74E3H     0012H     UNIT         ?PR?FUN26?TM1629
            CODE    74F5H     0012H     UNIT         ?PR?FUN27?TM1629
            CODE    7507H     0012H     UNIT         ?PR?FUN28?TM1629
            CODE    7519H     0012H     UNIT         ?PR?FUN89?TM1629
            CODE    752BH     0011H     UNIT         ?PR?FUN104?TM1629
            CODE    753CH     0011H     UNIT         ?PR?STOP_I2C?AT24C256
            CODE    754DH     0011H     UNIT         ?PR?ACK_I2C?AT24C256
            CODE    755EH     0011H     UNIT         ?PR?NOACK_I2C?AT24C256
            CODE    756FH     0010H     UNIT         ?PR?INIT_TIMER0?TIMER
            CODE    757FH     000FH     UNIT         ?CO?USART
            CODE    758EH     000EH     UNIT         ?PR?DELAY10MS?KEY
            CODE    759CH     000EH     UNIT         ?PR?FUN42?TM1629
            CODE    75AAH     000EH     UNIT         ?PR?INIT_TIMER1?TIMER
            CODE    75B8H     000BH     UNIT         ?PR?TM1629_DISPLAY_BUFF_CLEAR?TM1629
            CODE    75C3H     000BH     UNIT         ?PR?_SET_FD_TABLE?TIMER
            CODE    75CEH     000BH     UNIT         ?PR?_SET_FILTER_MAIN?TIMER
            CODE    75D9H     000BH     UNIT         ?PR?DS1302_INIT?DS1302
            CODE    75E4H     0009H     UNIT         ?PR?_USART1_SENDDATA?USART
            CODE    75EDH     0009H     UNIT         ?PR?_USART2_SENDDATA?USART
            CODE    75F6H     0009H     UNIT         ?PR?_SENDDATA?USART
            CODE    75FFH     0009H     UNIT         ?PR?RETURN_RF_TRANS_COUNT?EV1527
            CODE    7608H     0008H     UNIT         ?PR?FUN31?TM1629
            CODE    7610H     0008H     UNIT         ?PR?FUN32?TM1629
            CODE    7618H     0008H     UNIT         ?PR?FUN47?TM1629
            CODE    7620H     0008H     UNIT         ?PR?FUN48?TM1629
            CODE    7628H     0008H     UNIT         ?PR?FUN82?TM1629
            CODE    7630H     0008H     UNIT         ?PR?FUN83?TM1629
            CODE    7638H     0008H     UNIT         ?PR?FUN84?TM1629
BL51 BANKED LINKER/LOCATER V6.22                                                      04/11/2016  14:38:45  PAGE 6


            CODE    7640H     0008H     UNIT         ?PR?FUN85?TM1629
            CODE    7648H     0008H     UNIT         ?PR?FUN86?TM1629
            CODE    7650H     0008H     UNIT         ?PR?FUN88?TM1629
            CODE    7658H     0008H     UNIT         ?PR?FUN90?TM1629
            CODE    7660H     0008H     UNIT         ?PR?FUN91?TM1629
            CODE    7668H     0008H     UNIT         ?PR?FUN92?TM1629
            CODE    7670H     0008H     UNIT         ?PR?FUN97?TM1629
            CODE    7678H     0008H     UNIT         ?PR?FUN99?TM1629
            CODE    7680H     0008H     UNIT         ?PR?FUN101?TM1629
            CODE    7688H     0008H     UNIT         ?PR?EXINT0?EV1527
            CODE    7690H     0007H     UNIT         ?PR?EXINT0_INIT?EV1527
            CODE    7697H     0006H     UNIT         ?PR?RETURN_FUNC_INDEX?KEY
            CODE    769DH     0006H     UNIT         ?PR?_SET_FUNC_INDEX?KEY
            CODE    76A3H     0006H     UNIT         ?PR?RETURN_TWO_MENU_F3_E1?KEY
            CODE    76A9H     0006H     UNIT         ?PR?RETURN_TWO_MENU_F3_E2?KEY
            CODE    76AFH     0006H     UNIT         ?PR?RETURN_TWO_MENU_F4_E1?KEY
            CODE    76B5H     0006H     UNIT         ?PR?RETURN_TWO_MENU_F5_E1?KEY
            CODE    76BBH     0006H     UNIT         ?PR?RETURN_TWO_MENU_F6_E1?KEY
            CODE    76C1H     0006H     UNIT         ?PR?RETURN_TWO_MENU_F6_E2?KEY
            CODE    76C7H     0006H     UNIT         ?PR?RETURN_TWO_MENU_F6_E3?KEY
            CODE    76CDH     0006H     UNIT         ?PR?RETURN_TWO_MENU_F6_E4?KEY
            CODE    76D3H     0006H     UNIT         ?PR?RETURN_TWO_MENU_F6_E5?KEY
            CODE    76D9H     0006H     UNIT         ?PR?RETURN_TWO_MENU_F6_E6?KEY
            CODE    76DFH     0006H     UNIT         ?PR?RETURN_TWO_MENU_F6_E7?KEY
            CODE    76E5H     0006H     UNIT         ?PR?RETURN_TWO_MENU_F6_E8?KEY
            CODE    76EBH     0006H     UNIT         ?PR?RETURN_TWO_MENU_F7_E1?KEY
            CODE    76F1H     0006H     UNIT         ?PR?RETURN_TWO_MENU_F7_E2?KEY
            CODE    76F7H     0006H     UNIT         ?PR?RETURN_TWO_MENU_F7_E3?KEY
            CODE    76FDH     0006H     UNIT         ?PR?RETURN_TWO_MENU_F7_E4?KEY
            CODE    7703H     0006H     UNIT         ?PR?RETURN_TWO_MENU_F8_E1?KEY
            CODE    7709H     0006H     UNIT         ?PR?RETURN_TWO_MENU_F8_E2?KEY
            CODE    770FH     0006H     UNIT         ?PR?RETURN_SOUND_TABLE?KEY
            CODE    7715H     0006H     UNIT         ?PR?_SET_SOUND_TABLE?KEY
            CODE    771BH     0006H     UNIT         ?PR?RETURN_TWO_MENU_FC_E1?KEY
            CODE    7721H     0006H     UNIT         ?PR?RETURN_TWO_MENU_FB_E1?KEY
            CODE    7727H     0006H     UNIT         ?PR?RETURN_AWAIT_NUMBER_TABLE?TIMER
            CODE    772DH     0006H     UNIT         ?PR?_SET_AWAIT_NUMBER_TABLE?TIMER
            CODE    7733H     0006H     UNIT         ?PR?_SET_MAIN_PRESS_TIME_TABLE?TIMER
            CODE    7739H     0006H     UNIT         ?PR?RETURN_MAIN_PRESS_TIME?TIMER
            CODE    773FH     0006H     UNIT         ?PR?CLEAR_MAIN_PRESS_TIME?TIMER
            CODE    7745H     0006H     UNIT         ?PR?RETURN_LOGOUT_CYCLE_TABLE?TIMER
            CODE    774BH     0006H     UNIT         ?PR?_SET_LOGOUT_CYCLE_TABLE?TIMER
            CODE    7751H     0006H     UNIT         ?PR?CLEAR_RETURN_STANDBY_TIME?TIMER
            CODE    7757H     0006H     UNIT         ?PR?_SET_MAIN_PRESS_TIME?TIMER
            CODE    775DH     0006H     UNIT         ?PR?RETURN_FD_TABLE?TIMER
            CODE    7763H     0006H     UNIT         ?PR?RETURN_FILTER_MAIN?TIMER
            CODE    7769H     0006H     UNIT         ?PR?RETURN_FILTER_OTHER?TIMER
            CODE    776FH     0006H     UNIT         ?PR?_SET_FILTER_OTHER?TIMER
            CODE    7775H     0006H     UNIT         ?PR?CLEAR_AGAIN_AND_AGAIN_TIME?TIMER
            CODE    777BH     0006H     UNIT         ?PR?CLEAR_SECOND_FILTER_TIME?TIMER
            CODE    7781H     0006H     UNIT         ?PR?_SET_SECOND_FILTER_TABLE?TIMER
            CODE    7787H     0006H     UNIT         ?PR?RETURN_SECOND_FILTER_TABLE?TIMER
            CODE    778DH     0006H     UNIT         ?PR?RETURN_AGAIN_RECEIVE_RF_DECODER_FINISHED?EV1527
            CODE    7793H     0006H     UNIT         ?PR?CLEAR_AGAIN_RECEIVE_RF_DECODER_FINISHED?EV1527
            CODE    7799H     0006H     UNIT         ?PR?RETURN_AGAIN_AND_AGAIN_DECODER_TABLE?EV1527
            CODE    779FH     0006H     UNIT         ?PR?CLEAR_AGAIN_AND_AGAIN_DECODER_TABLE?EV1527
            CODE    77A5H     0006H     UNIT         ?PR?RETURN_REGISTER_MANAGER?EV1527
BL51 BANKED LINKER/LOCATER V6.22                                                      04/11/2016  14:38:45  PAGE 7


            CODE    77ABH     0006H     UNIT         ?PR?CLEAR_REGISTER_MANAGER?EV1527
            CODE    77B1H     0006H     UNIT         ?PR?RETURN_TWO_MENU_SET_SUCCESS?DECODER
            CODE    77B7H     0006H     UNIT         ?PR?_SET_TWO_MENU_SET_SUCCESS?DECODER
            CODE    77BDH     0005H     UNIT         ?PR?FUN12?TM1629
            CODE    77C2H     0005H     UNIT         ?PR?FUN13?TM1629
            CODE    77C7H     0005H     UNIT         ?PR?FUN29?TM1629
            CODE    77CCH     0005H     UNIT         ?PR?FUN30?TM1629
            CODE    77D1H     0005H     UNIT         ?PR?FUN33?TM1629
            CODE    77D6H     0005H     UNIT         ?PR?FUN34?TM1629
            CODE    77DBH     0005H     UNIT         ?PR?FUN35?TM1629
            CODE    77E0H     0005H     UNIT         ?PR?FUN36?TM1629
            CODE    77E5H     0005H     UNIT         ?PR?FUN37?TM1629
            CODE    77EAH     0005H     UNIT         ?PR?FUN38?TM1629
            CODE    77EFH     0005H     UNIT         ?PR?FUN39?TM1629
            CODE    77F4H     0005H     UNIT         ?PR?FUN40?TM1629
            CODE    77F9H     0005H     UNIT         ?PR?FUN41?TM1629
            CODE    77FEH     0005H     UNIT         ?PR?FUN43?TM1629
            CODE    7803H     0005H     UNIT         ?PR?FUN44?TM1629
            CODE    7808H     0005H     UNIT         ?PR?FUN45?TM1629
            CODE    780DH     0005H     UNIT         ?PR?FUN96?TM1629
            CODE    7812H     0005H     UNIT         ?PR?FUN98?TM1629
            CODE    7817H     0005H     UNIT         ?PR?FUN100?TM1629
            CODE    781CH     0005H     UNIT         ?PR?FUN102?TM1629
            CODE    7821H     0003H     UNIT         ?PR?_DELAYUS2X?AT24C256



OVERLAY MAP OF MODULE:   Receiver_keil (?C_STARTUP)


SEGMENT                                            XDATA_GROUP
  +--> CALLED SEGMENT                            START    LENGTH
----------------------------------------------------------------
?C_C51STARTUP                                    -----    -----
  +--> ?PR?MAIN?MAIN
  +--> ?C_INITSEG

?PR?MAIN?MAIN                                    -----    -----
  +--> ?PR?USARTINIT?USART
  +--> ?PR?INIT_TIMER0?TIMER
  +--> ?PR?INIT_TIMER1?TIMER
  +--> ?PR?EXINT0_INIT?EV1527
  +--> ?PR?DS1302_INIT?DS1302
  +--> ?PR?GD5800_INITIALIZATION?GD5800
  +--> ?PR?DELAY10MS?KEY
  +--> ?PR?TM1629_INIT?TM1629
  +--> ?PR?ENV_INIT?KEY
  +--> ?PR?KEYPROCESS?KEY
  +--> ?PR?DECODERPROCESS?DECODER
  +--> ?PR?REPLAY_PROCESS?DECODER

?PR?DS1302_INIT?DS1302                           -----    -----
  +--> ?PR?_DS1302_WRITE_BYTE?DS1302

?PR?GD5800_INITIALIZATION?GD5800                 -----    -----
  +--> ?PR?_USART2_SENDDATA?USART

BL51 BANKED LINKER/LOCATER V6.22                                                      04/11/2016  14:38:45  PAGE 8


?PR?TM1629_INIT?TM1629                           04CFH    0001H
  +--> ?PR?DISPLAY?TM1629
  +--> ?PR?_GD5800_SELECT_CHAPTER?GD5800
  +--> ?PR?_TM1629_DELAY?TM1629

?PR?DISPLAY?TM1629                               -----    -----
  +--> ?PR?RETURN_TWO_MENU_F6_E5?KEY
  +--> ?PR?_SEND_COMMAND?TM1629
  +--> ?PR?_WRITEDATATO1629?TM1629
  +--> ?PR?_SEND_COMMAND_2?TM1629
  +--> ?PR?_WRITEDATATO1629_2?TM1629
  +--> ?PR?_SEND_COMMAND_3?TM1629
  +--> ?PR?_WRITEDATATO1629_3?TM1629

?PR?_SEND_COMMAND?TM1629                         -----    -----
  +--> ?PR?_WRITEDATATO1629?TM1629

?PR?_SEND_COMMAND_2?TM1629                       -----    -----
  +--> ?PR?_SEND_COMMAND?TM1629
  +--> ?PR?_WRITEDATATO1629_2?TM1629

?PR?_SEND_COMMAND_3?TM1629                       -----    -----
  +--> ?PR?_SEND_COMMAND_2?TM1629
  +--> ?PR?_WRITEDATATO1629_3?TM1629

?PR?_GD5800_SELECT_CHAPTER?GD5800                051BH    0002H
  +--> ?PR?_USART2_SENDDATA?USART

?PR?ENV_INIT?KEY                                 -----    -----
  +--> ?PR?_IRCVSTR?AT24C256
  +--> ?PR?DELAY10MS?KEY
  +--> ?PR?_GD5800_SOUND_VOLUME?GD5800

?PR?_IRCVSTR?AT24C256                            0514H    0007H
  +--> ?PR?START_I2C?AT24C256
  +--> ?PR?_SENDBYTE?AT24C256
  +--> ?PR?RCVBYTE?AT24C256
  +--> ?PR?ACK_I2C?AT24C256
  +--> ?PR?NOACK_I2C?AT24C256
  +--> ?PR?STOP_I2C?AT24C256

?PR?_GD5800_SOUND_VOLUME?GD5800                  04D1H    0001H
  +--> ?PR?_USART2_SENDDATA?USART

?PR?KEYPROCESS?KEY                               04CFH    0001H
  +--> ?PR?KEYDECODER?KEY
  +--> ?PR?RETURN_TWO_MENU_FB_E1?KEY
  +--> ?PR?RETURN_MAIN_PRESS_TIME?TIMER
  +--> ?PR?_DELETE_CALL_FUNCTION?AT24C256
  +--> ?PR?RETURN_SOUND_TABLE?KEY
  +--> ?PR?_GD5800_SELECT_CHAPTER?GD5800
  +--> ?PR?_SET_SOUND_TABLE?KEY
  +--> ?PR?_DELETE_HOST_FUNCTION?AT24C256
  +--> ?PR?_DELETE_ALARM_FUNCTION?AT24C256
  +--> ?PR?_DELETE_CANCEL_FUNCTION?AT24C256
  +--> ?PR?DELAY10MS?KEY
  +--> ?CO?KEY
BL51 BANKED LINKER/LOCATER V6.22                                                      04/11/2016  14:38:45  PAGE 9


  +--> ?PR?_SET_FILTER_MAIN?TIMER
  +--> ?PR?VAR_INIT?KEY
  +--> ?PR?ENV_LOAD?KEY
  +--> ?PR?KEY_INIT?KEY
  +--> ?PR?_ISENDSTR?AT24C256
  +--> ?PR?DELETE_ALL_DATA?AT24C256
  +--> ?PR?CLEAR_MAIN_PRESS_TIME?TIMER
  +--> ?PR?LOGOUT?TM1629
  +--> ?PR?GD5800_STOP_MUSIC?GD5800
  +--> ?PR?CYCLEUP?TM1629
  +--> ?PR?CYCLEDOWN?TM1629

?PR?KEYDECODER?KEY                               04D0H    0002H
  +--> ?PR?KEYSCAN?KEY
  +--> ?PR?RETURN_REGISTER_MANAGER?EV1527
  +--> ?PR?_SET_MAIN_PRESS_TIME?TIMER
  +--> ?PR?CLEAR_REGISTER_MANAGER?EV1527
  +--> ?PR?RETURN_FILTER_MAIN?TIMER
  +--> ?PR?RETURN_FILTER_OTHER?TIMER
  +--> ?PR?GD5800_STOP_MUSIC?GD5800
  +--> ?PR?DELAY10MS?KEY
  +--> ?PR?_SET_FILTER_OTHER?TIMER

?PR?KEYSCAN?KEY                                  04D2H    0005H
  +--> ?PR?DELAY10MS?KEY
  +--> ?PR?CLEAR_RETURN_STANDBY_TIME?TIMER
  +--> ?PR?CLEAR_MAIN_PRESS_TIME?TIMER
  +--> ?PR?_SET_MAIN_PRESS_TIME_TABLE?TIMER
  +--> ?PR?RETURN_TWO_MENU_FB_E1?KEY
  +--> ?PR?RETURN_MAIN_PRESS_TIME?TIMER
  +--> ?PR?_TM1629_F?TM1629
  +--> ?PR?RETURN_TWO_MENU_F6_E6?KEY
  +--> ?PR?_GD5800_SELECT_CHAPTER?GD5800
  +--> ?PR?_GD5800_SELECT_CHAPTER_NEW?GD5800
  +--> ?PR?_DELETE_CALL_FUNCTION?AT24C256
  +--> ?PR?_DELETE_HOST_FUNCTION?AT24C256
  +--> ?PR?_DELETE_ALARM_FUNCTION?AT24C256
  +--> ?PR?_DELETE_CANCEL_FUNCTION?AT24C256
  +--> ?PR?_SHOW_ONE_NUMBER?TM1629
  +--> ?PR?RETURN_TWO_MENU_FC_E1?KEY
  +--> ?PR?_TM1629_E?TM1629
  +--> ?PR?RETURN_TWO_MENU_F8_E1?KEY
  +--> ?PR?VAR_INIT?KEY
  +--> ?PR?ENV_LOAD?KEY
  +--> ?PR?KEY_INIT?KEY
  +--> ?PR?_ISENDSTR?AT24C256
  +--> ?PR?DELETE_ALL_DATA?AT24C256
  +--> ?PR?_SET_LOGOUT_CYCLE_TABLE?TIMER

?PR?_TM1629_F?TM1629                             -----    -----
  +--> ?PR?TM1629_CLEAR?TM1629
  +--> ?PR?DISPLAY?TM1629

?PR?_GD5800_SELECT_CHAPTER_NEW?GD5800            0509H    0002H
  +--> ?PR?_GD5800_SELECT_CHAPTER?GD5800
  +--> ?PR?DELAY10MS?KEY
  +--> ?PR?_SET_SOUND_TABLE?KEY
BL51 BANKED LINKER/LOCATER V6.22                                                      04/11/2016  14:38:45  PAGE 10



?PR?_DELETE_CALL_FUNCTION?AT24C256               04D7H    002FH
  +--> ?CO?AT24C256
  +--> ?PR?_ISENDSTR?AT24C256
  +--> ?PR?DELAY10MS?KEY
  +--> ?PR?_IRCVSTR?AT24C256

?PR?_ISENDSTR?AT24C256                           0509H    0007H
  +--> ?PR?START_I2C?AT24C256
  +--> ?PR?_SENDBYTE?AT24C256
  +--> ?PR?STOP_I2C?AT24C256

?PR?_DELETE_HOST_FUNCTION?AT24C256               04D7H    002FH
  +--> ?CO?AT24C256
  +--> ?PR?_ISENDSTR?AT24C256
  +--> ?PR?DELAY10MS?KEY
  +--> ?PR?_IRCVSTR?AT24C256

?PR?_DELETE_ALARM_FUNCTION?AT24C256              04D7H    002FH
  +--> ?CO?AT24C256
  +--> ?PR?_ISENDSTR?AT24C256
  +--> ?PR?DELAY10MS?KEY
  +--> ?PR?_IRCVSTR?AT24C256

?PR?_DELETE_CANCEL_FUNCTION?AT24C256             04D7H    002FH
  +--> ?CO?AT24C256
  +--> ?PR?_ISENDSTR?AT24C256
  +--> ?PR?DELAY10MS?KEY
  +--> ?PR?_IRCVSTR?AT24C256

?PR?_SHOW_ONE_NUMBER?TM1629                      -----    -----
  +--> ?PR?TM1629_CLEAR?TM1629
  +--> ?PR?DISPLAY?TM1629

?PR?_TM1629_E?TM1629                             -----    -----
  +--> ?PR?TM1629_CLEAR?TM1629
  +--> ?PR?DISPLAY?TM1629

?PR?ENV_LOAD?KEY                                 -----    -----
  +--> ?PR?_ISENDSTR?AT24C256
  +--> ?PR?DELAY10MS?KEY

?PR?DELETE_ALL_DATA?AT24C256                     04D7H    0022H
  +--> ?CO?AT24C256
  +--> ?PR?_ISENDSTR?AT24C256
  +--> ?PR?DELAY10MS?KEY

?PR?GD5800_STOP_MUSIC?GD5800                     -----    -----
  +--> ?PR?_USART2_SENDDATA?USART

?CO?KEY                                          -----    -----
  +--> ?PR?FUN0?TM1629
  +--> ?PR?FUN1?TM1629
  +--> ?PR?FUN2?TM1629
  +--> ?PR?FUN3?TM1629
  +--> ?PR?FUN4?TM1629
  +--> ?PR?FUN5?TM1629
BL51 BANKED LINKER/LOCATER V6.22                                                      04/11/2016  14:38:45  PAGE 11


  +--> ?PR?FUN6?TM1629
  +--> ?PR?FUN7?TM1629
  +--> ?PR?FUN8?TM1629
  +--> ?PR?FUN9?TM1629
  +--> ?PR?FUN10?TM1629
  +--> ?PR?FUN11?TM1629
  +--> ?PR?FUN12?TM1629
  +--> ?PR?FUN13?TM1629
  +--> ?PR?FUN14?TM1629
  +--> ?PR?FUN15?TM1629
  +--> ?PR?FUN16?TM1629
  +--> ?PR?FUN17?TM1629
  +--> ?PR?FUN18?TM1629
  +--> ?PR?FUN19?TM1629
  +--> ?PR?FUN20?TM1629
  +--> ?PR?FUN21?TM1629
  +--> ?PR?FUN22?TM1629
  +--> ?PR?FUN23?TM1629
  +--> ?PR?FUN24?TM1629
  +--> ?PR?FUN25?TM1629
  +--> ?PR?FUN26?TM1629
  +--> ?PR?FUN27?TM1629
  +--> ?PR?FUN28?TM1629
  +--> ?PR?FUN29?TM1629
  +--> ?PR?FUN30?TM1629
  +--> ?PR?FUN31?TM1629
  +--> ?PR?FUN32?TM1629
  +--> ?PR?FUN33?TM1629
  +--> ?PR?FUN34?TM1629
  +--> ?PR?FUN35?TM1629
  +--> ?PR?FUN36?TM1629
  +--> ?PR?FUN37?TM1629
  +--> ?PR?FUN38?TM1629
  +--> ?PR?FUN39?TM1629
  +--> ?PR?FUN40?TM1629
  +--> ?PR?FUN41?TM1629
  +--> ?PR?FUN42?TM1629
  +--> ?PR?FUN43?TM1629
  +--> ?PR?FUN44?TM1629
  +--> ?PR?FUN45?TM1629
  +--> ?PR?FUN46?TM1629
  +--> ?PR?FUN47?TM1629
  +--> ?PR?FUN48?TM1629
  +--> ?PR?FUN49?TM1629
  +--> ?PR?FUN50?TM1629
  +--> ?PR?FUN51?TM1629
  +--> ?PR?FUN52?TM1629
  +--> ?PR?FUN53?TM1629
  +--> ?PR?FUN54?TM1629
  +--> ?PR?FUN55?TM1629
  +--> ?PR?FUN56?TM1629
  +--> ?PR?FUN57?TM1629
  +--> ?PR?FUN58?TM1629
  +--> ?PR?FUN59?TM1629
  +--> ?PR?FUN60?TM1629
  +--> ?PR?FUN61?TM1629
  +--> ?PR?FUN62?TM1629
BL51 BANKED LINKER/LOCATER V6.22                                                      04/11/2016  14:38:45  PAGE 12


  +--> ?PR?FUN63?TM1629
  +--> ?PR?FUN64?TM1629
  +--> ?PR?FUN65?TM1629
  +--> ?PR?FUN66?TM1629
  +--> ?PR?FUN67?TM1629
  +--> ?PR?FUN68?TM1629
  +--> ?PR?FUN69?TM1629
  +--> ?PR?FUN70?TM1629
  +--> ?PR?FUN71?TM1629
  +--> ?PR?FUN72?TM1629
  +--> ?PR?FUN73?TM1629
  +--> ?PR?FUN74?TM1629
  +--> ?PR?FUN75?TM1629
  +--> ?PR?FUN76?TM1629
  +--> ?PR?FUN77?TM1629
  +--> ?PR?FUN78?TM1629
  +--> ?PR?FUN79?TM1629
  +--> ?PR?FUN80?TM1629
  +--> ?PR?FUN81?TM1629
  +--> ?PR?FUN82?TM1629
  +--> ?PR?FUN83?TM1629
  +--> ?PR?FUN84?TM1629
  +--> ?PR?FUN85?TM1629
  +--> ?PR?FUN86?TM1629
  +--> ?PR?FUN87?TM1629
  +--> ?PR?FUN88?TM1629
  +--> ?PR?FUN89?TM1629
  +--> ?PR?FUN90?TM1629
  +--> ?PR?FUN91?TM1629
  +--> ?PR?FUN92?TM1629
  +--> ?PR?FUN93?TM1629
  +--> ?PR?FUN94?TM1629
  +--> ?PR?FUN95?TM1629
  +--> ?PR?FUN96?TM1629
  +--> ?PR?FUN97?TM1629
  +--> ?PR?FUN98?TM1629
  +--> ?PR?FUN99?TM1629
  +--> ?PR?FUN100?TM1629
  +--> ?PR?FUN101?TM1629
  +--> ?PR?FUN102?TM1629
  +--> ?PR?FUN103?TM1629
  +--> ?PR?FUN104?TM1629
  +--> ?PR?FUN105?TM1629
  +--> ?PR?FUN106?TM1629

?PR?FUN0?TM1629                                  -----    -----
  +--> ?PR?RETURN_TWO_MENU_FC_E1?KEY
  +--> ?PR?TM1629_AWAIT?TM1629
  +--> ?PR?DISPLAY_TIME?TM1629
  +--> ?PR?RETURN_TWO_MENU_FB_E1?KEY
  +--> ?PR?TM1629_DISPLAY_BUFF_CLEAR?TM1629

?PR?TM1629_AWAIT?TM1629                          -----    -----
  +--> ?PR?RETURN_AWAIT_NUMBER_TABLE?TIMER
  +--> ?PR?TM1629_CLEAR?TM1629
  +--> ?PR?DISPLAY?TM1629
  +--> ?PR?_SET_AWAIT_NUMBER_TABLE?TIMER
BL51 BANKED LINKER/LOCATER V6.22                                                      04/11/2016  14:38:45  PAGE 13



?PR?DISPLAY_TIME?TM1629                          -----    -----
  +--> ?PR?RETURN_TWO_MENU_F6_E7?KEY
  +--> ?PR?TM1629_CLEAR?TM1629
  +--> ?PR?DS1302_READ_TIME?DS1302
  +--> ?PR?DISPLAY?TM1629

?PR?DS1302_READ_TIME?DS1302                      -----    -----
  +--> ?PR?_DS1302_READ_BYTE?DS1302

?PR?FUN1?TM1629                                  -----    -----
  +--> ?PR?_TM1629_F?TM1629

?PR?FUN2?TM1629                                  -----    -----
  +--> ?PR?_TM1629_F?TM1629
  +--> ?PR?RETURN_SOUND_TABLE?KEY
  +--> ?PR?RETURN_TWO_MENU_F6_E6?KEY
  +--> ?PR?_GD5800_SELECT_CHAPTER?GD5800
  +--> ?PR?_SET_SOUND_TABLE?KEY

?PR?FUN3?TM1629                                  -----    -----
  +--> ?PR?_TM1629_F?TM1629
  +--> ?PR?RETURN_SOUND_TABLE?KEY
  +--> ?PR?RETURN_TWO_MENU_F6_E6?KEY
  +--> ?PR?_GD5800_SELECT_CHAPTER_NEW?GD5800
  +--> ?PR?_SET_SOUND_TABLE?KEY

?PR?FUN4?TM1629                                  -----    -----
  +--> ?PR?_TM1629_F?TM1629
  +--> ?PR?RETURN_SOUND_TABLE?KEY
  +--> ?PR?RETURN_TWO_MENU_F6_E6?KEY
  +--> ?PR?_GD5800_SELECT_CHAPTER_NEW?GD5800
  +--> ?PR?_SET_SOUND_TABLE?KEY

?PR?FUN5?TM1629                                  -----    -----
  +--> ?PR?_TM1629_F?TM1629
  +--> ?PR?RETURN_SOUND_TABLE?KEY
  +--> ?PR?RETURN_TWO_MENU_F6_E6?KEY
  +--> ?PR?_GD5800_SELECT_CHAPTER_NEW?GD5800
  +--> ?PR?_SET_SOUND_TABLE?KEY

?PR?FUN6?TM1629                                  -----    -----
  +--> ?PR?_TM1629_F?TM1629
  +--> ?PR?RETURN_SOUND_TABLE?KEY
  +--> ?PR?RETURN_TWO_MENU_F6_E6?KEY
  +--> ?PR?_GD5800_SELECT_CHAPTER_NEW?GD5800
  +--> ?PR?_SET_SOUND_TABLE?KEY

?PR?FUN7?TM1629                                  -----    -----
  +--> ?PR?_TM1629_F?TM1629
  +--> ?PR?RETURN_SOUND_TABLE?KEY
  +--> ?PR?RETURN_TWO_MENU_F6_E6?KEY
  +--> ?PR?_GD5800_SELECT_CHAPTER_NEW?GD5800
  +--> ?PR?_SET_SOUND_TABLE?KEY

?PR?FUN8?TM1629                                  -----    -----
  +--> ?PR?_TM1629_F?TM1629
BL51 BANKED LINKER/LOCATER V6.22                                                      04/11/2016  14:38:45  PAGE 14


  +--> ?PR?RETURN_SOUND_TABLE?KEY
  +--> ?PR?RETURN_TWO_MENU_F6_E6?KEY
  +--> ?PR?_GD5800_SELECT_CHAPTER_NEW?GD5800
  +--> ?PR?_SET_SOUND_TABLE?KEY

?PR?FUN9?TM1629                                  -----    -----
  +--> ?PR?_TM1629_F?TM1629
  +--> ?PR?RETURN_SOUND_TABLE?KEY
  +--> ?PR?RETURN_TWO_MENU_F6_E6?KEY
  +--> ?PR?_GD5800_SELECT_CHAPTER_NEW?GD5800
  +--> ?PR?_SET_SOUND_TABLE?KEY

?PR?FUN10?TM1629                                 -----    -----
  +--> ?PR?_TM1629_F?TM1629
  +--> ?PR?RETURN_SOUND_TABLE?KEY
  +--> ?PR?RETURN_TWO_MENU_F6_E6?KEY
  +--> ?PR?_GD5800_SELECT_CHAPTER_NEW?GD5800
  +--> ?PR?_SET_SOUND_TABLE?KEY

?PR?FUN11?TM1629                                 -----    -----
  +--> ?PR?_TM1629_F?TM1629

?PR?FUN12?TM1629                                 -----    -----
  +--> ?PR?_TM1629_F?TM1629

?PR?FUN13?TM1629                                 -----    -----
  +--> ?PR?_TM1629_F?TM1629

?PR?FUN14?TM1629                                 -----    -----
  +--> ?PR?_TM1629_F?TM1629
  +--> ?PR?_SET_FD_TABLE?TIMER

?PR?FUN15?TM1629                                 -----    -----
  +--> ?PR?RETURN_AWAIT_NUMBER_TABLE?TIMER
  +--> ?PR?DISPLAY_TIME?TM1629
  +--> ?PR?_SET_AWAIT_NUMBER_TABLE?TIMER
  +--> ?PR?RETURN_TWO_MENU_F6_E7?KEY
  +--> ?PR?DISPLAY?TM1629
  +--> ?PR?DS1302_WRITE_TIME?DS1302

?PR?DS1302_WRITE_TIME?DS1302                     -----    -----
  +--> ?PR?_DS1302_WRITE_BYTE?DS1302

?PR?FUN16?TM1629                                 -----    -----
  +--> ?PR?RETURN_AWAIT_NUMBER_TABLE?TIMER
  +--> ?PR?DISPLAY_TIME?TM1629
  +--> ?PR?_SET_AWAIT_NUMBER_TABLE?TIMER
  +--> ?PR?RETURN_TWO_MENU_F6_E7?KEY
  +--> ?PR?DISPLAY?TM1629
  +--> ?PR?DS1302_WRITE_TIME?DS1302

?PR?FUN17?TM1629                                 -----    -----
  +--> ?PR?RETURN_AWAIT_NUMBER_TABLE?TIMER
  +--> ?PR?DISPLAY_TIME?TM1629
  +--> ?PR?_SET_AWAIT_NUMBER_TABLE?TIMER
  +--> ?PR?RETURN_TWO_MENU_F6_E7?KEY
  +--> ?PR?DISPLAY?TM1629
BL51 BANKED LINKER/LOCATER V6.22                                                      04/11/2016  14:38:45  PAGE 15


  +--> ?PR?DS1302_WRITE_TIME?DS1302

?PR?FUN18?TM1629                                 -----    -----
  +--> ?PR?RETURN_AWAIT_NUMBER_TABLE?TIMER
  +--> ?PR?DISPLAY_TIME?TM1629
  +--> ?PR?_SET_AWAIT_NUMBER_TABLE?TIMER
  +--> ?PR?DISPLAY?TM1629
  +--> ?PR?DS1302_WRITE_TIME?DS1302

?PR?FUN19?TM1629                                 -----    -----
  +--> ?PR?RETURN_AWAIT_NUMBER_TABLE?TIMER
  +--> ?PR?DISPLAY_TIME?TM1629
  +--> ?PR?_SET_AWAIT_NUMBER_TABLE?TIMER
  +--> ?PR?DISPLAY?TM1629
  +--> ?PR?DS1302_WRITE_TIME?DS1302

?PR?FUN20?TM1629                                 -----    -----
  +--> ?PR?RETURN_TWO_MENU_FC_E1?KEY
  +--> ?PR?_SET_FUNC_INDEX?KEY
  +--> ?PR?RETURN_AWAIT_NUMBER_TABLE?TIMER
  +--> ?PR?DISPLAY_TIME?TM1629
  +--> ?PR?_SET_AWAIT_NUMBER_TABLE?TIMER
  +--> ?PR?DISPLAY?TM1629
  +--> ?PR?DS1302_WRITE_TIME?DS1302

?PR?FUN21?TM1629                                 -----    -----
  +--> ?PR?_TM1629_E?TM1629

?PR?FUN22?TM1629                                 -----    -----
  +--> ?PR?_TM1629_E?TM1629

?PR?FUN23?TM1629                                 -----    -----
  +--> ?PR?_TM1629_E?TM1629

?PR?FUN24?TM1629                                 -----    -----
  +--> ?PR?_TM1629_E?TM1629

?PR?FUN25?TM1629                                 -----    -----
  +--> ?PR?_TM1629_E?TM1629

?PR?FUN26?TM1629                                 -----    -----
  +--> ?PR?_TM1629_E?TM1629

?PR?FUN27?TM1629                                 -----    -----
  +--> ?PR?_TM1629_E?TM1629

?PR?FUN28?TM1629                                 -----    -----
  +--> ?PR?_TM1629_E?TM1629

?PR?FUN29?TM1629                                 -----    -----
  +--> ?PR?_TM1629_E?TM1629

?PR?FUN30?TM1629                                 -----    -----
  +--> ?PR?_TM1629_E?TM1629

?PR?FUN31?TM1629                                 -----    -----
  +--> ?PR?RETURN_TWO_MENU_F4_E1?KEY
BL51 BANKED LINKER/LOCATER V6.22                                                      04/11/2016  14:38:45  PAGE 16


  +--> ?PR?_SHOW_TWO_NUMBER?TM1629

?PR?_SHOW_TWO_NUMBER?TM1629                      -----    -----
  +--> ?PR?TM1629_CLEAR?TM1629
  +--> ?PR?DISPLAY?TM1629

?PR?FUN32?TM1629                                 -----    -----
  +--> ?PR?RETURN_TWO_MENU_F5_E1?KEY
  +--> ?PR?_SHOW_TWO_NUMBER?TM1629

?PR?FUN33?TM1629                                 -----    -----
  +--> ?PR?_TM1629_E?TM1629

?PR?FUN34?TM1629                                 -----    -----
  +--> ?PR?_TM1629_E?TM1629

?PR?FUN35?TM1629                                 -----    -----
  +--> ?PR?_TM1629_E?TM1629

?PR?FUN36?TM1629                                 -----    -----
  +--> ?PR?_TM1629_E?TM1629

?PR?FUN37?TM1629                                 -----    -----
  +--> ?PR?_TM1629_E?TM1629

?PR?FUN38?TM1629                                 -----    -----
  +--> ?PR?_TM1629_E?TM1629

?PR?FUN39?TM1629                                 -----    -----
  +--> ?PR?_TM1629_E?TM1629

?PR?FUN40?TM1629                                 -----    -----
  +--> ?PR?_TM1629_E?TM1629

?PR?FUN41?TM1629                                 -----    -----
  +--> ?PR?_TM1629_E?TM1629

?PR?FUN42?TM1629                                 -----    -----
  +--> ?PR?_TM1629_E?TM1629
  +--> ?PR?RETURN_TWO_MENU_F8_E1?KEY

?PR?FUN43?TM1629                                 -----    -----
  +--> ?PR?_TM1629_E?TM1629

?PR?FUN44?TM1629                                 -----    -----
  +--> ?PR?_TM1629_E?TM1629

?PR?FUN45?TM1629                                 -----    -----
  +--> ?PR?_TM1629_E?TM1629

?PR?FUN46?TM1629                                 -----    -----
  +--> ?PR?RETURN_RF_TRANS_COUNT?EV1527
  +--> ?PR?_SHOW_THREE_NUMBER?TM1629

?PR?_SHOW_THREE_NUMBER?TM1629                    -----    -----
  +--> ?PR?TM1629_CLEAR?TM1629
  +--> ?PR?DISPLAY?TM1629
BL51 BANKED LINKER/LOCATER V6.22                                                      04/11/2016  14:38:45  PAGE 17



?PR?FUN47?TM1629                                 -----    -----
  +--> ?PR?RETURN_TWO_MENU_FB_E1?KEY
  +--> ?PR?_SHOW_ONE_NUMBER?TM1629

?PR?FUN48?TM1629                                 -----    -----
  +--> ?PR?RETURN_TWO_MENU_FC_E1?KEY
  +--> ?PR?_SHOW_ONE_NUMBER?TM1629

?PR?FUN49?TM1629                                 04D0H    0001H
  +--> ?PR?RETURN_FD_TABLE?TIMER
  +--> ?PR?_DISPLAY_LIGHT?TM1629
  +--> ?PR?_GD5800_SELECT_CHAPTER?GD5800
  +--> ?PR?TM1629_CLEAR?TM1629
  +--> ?PR?DISPLAY?TM1629

?PR?_DISPLAY_LIGHT?TM1629                        -----    -----
  +--> ?PR?_SEND_COMMAND?TM1629
  +--> ?PR?_WRITEDATATO1629?TM1629
  +--> ?PR?_SEND_COMMAND_2?TM1629
  +--> ?PR?_WRITEDATATO1629_2?TM1629
  +--> ?PR?_SEND_COMMAND_3?TM1629
  +--> ?PR?_WRITEDATATO1629_3?TM1629

?PR?FUN50?TM1629                                 -----    -----
  +--> ?PR?RETURN_AWAIT_NUMBER_TABLE?TIMER
  +--> ?PR?_SHOW_FOUR_NUMBER?TM1629
  +--> ?PR?_SET_AWAIT_NUMBER_TABLE?TIMER
  +--> ?PR?DISPLAY?TM1629

?PR?_SHOW_FOUR_NUMBER?TM1629                     -----    -----
  +--> ?PR?TM1629_CLEAR?TM1629
  +--> ?PR?DISPLAY?TM1629

?PR?FUN51?TM1629                                 -----    -----
  +--> ?PR?RETURN_AWAIT_NUMBER_TABLE?TIMER
  +--> ?PR?_SHOW_FOUR_NUMBER?TM1629
  +--> ?PR?_SET_AWAIT_NUMBER_TABLE?TIMER
  +--> ?PR?DISPLAY?TM1629

?PR?FUN52?TM1629                                 -----    -----
  +--> ?PR?RETURN_AWAIT_NUMBER_TABLE?TIMER
  +--> ?PR?_SHOW_FOUR_NUMBER?TM1629
  +--> ?PR?_SET_AWAIT_NUMBER_TABLE?TIMER
  +--> ?PR?DISPLAY?TM1629

?PR?FUN53?TM1629                                 -----    -----
  +--> ?PR?RETURN_AWAIT_NUMBER_TABLE?TIMER
  +--> ?PR?_SHOW_FOUR_NUMBER?TM1629
  +--> ?PR?_SET_AWAIT_NUMBER_TABLE?TIMER
  +--> ?PR?DISPLAY?TM1629

?PR?FUN54?TM1629                                 -----    -----
  +--> ?PR?RETURN_AWAIT_NUMBER_TABLE?TIMER
  +--> ?PR?_SHOW_FOUR_NUMBER?TM1629
  +--> ?PR?_SET_AWAIT_NUMBER_TABLE?TIMER
  +--> ?PR?DISPLAY?TM1629
BL51 BANKED LINKER/LOCATER V6.22                                                      04/11/2016  14:38:45  PAGE 18



?PR?FUN55?TM1629                                 -----    -----
  +--> ?PR?RETURN_AWAIT_NUMBER_TABLE?TIMER
  +--> ?PR?_SHOW_FOUR_NUMBER?TM1629
  +--> ?PR?_SET_AWAIT_NUMBER_TABLE?TIMER
  +--> ?PR?DISPLAY?TM1629

?PR?FUN56?TM1629                                 -----    -----
  +--> ?PR?RETURN_AWAIT_NUMBER_TABLE?TIMER
  +--> ?PR?_SHOW_FOUR_NUMBER?TM1629
  +--> ?PR?_SET_AWAIT_NUMBER_TABLE?TIMER
  +--> ?PR?DISPLAY?TM1629

?PR?FUN57?TM1629                                 -----    -----
  +--> ?PR?RETURN_AWAIT_NUMBER_TABLE?TIMER
  +--> ?PR?_SHOW_FOUR_NUMBER?TM1629
  +--> ?PR?_SET_AWAIT_NUMBER_TABLE?TIMER
  +--> ?PR?DISPLAY?TM1629

?PR?FUN58?TM1629                                 -----    -----
  +--> ?PR?RETURN_AWAIT_NUMBER_TABLE?TIMER
  +--> ?PR?_SHOW_FOUR_NUMBER?TM1629
  +--> ?PR?_SET_AWAIT_NUMBER_TABLE?TIMER
  +--> ?PR?DISPLAY?TM1629

?PR?FUN59?TM1629                                 -----    -----
  +--> ?PR?RETURN_AWAIT_NUMBER_TABLE?TIMER
  +--> ?PR?_SHOW_FOUR_NUMBER?TM1629
  +--> ?PR?_SET_AWAIT_NUMBER_TABLE?TIMER
  +--> ?PR?DISPLAY?TM1629

?PR?FUN60?TM1629                                 -----    -----
  +--> ?PR?RETURN_AWAIT_NUMBER_TABLE?TIMER
  +--> ?PR?_SHOW_FOUR_NUMBER?TM1629
  +--> ?PR?_SET_AWAIT_NUMBER_TABLE?TIMER
  +--> ?PR?DISPLAY?TM1629

?PR?FUN61?TM1629                                 -----    -----
  +--> ?PR?RETURN_AWAIT_NUMBER_TABLE?TIMER
  +--> ?PR?_SHOW_FOUR_NUMBER?TM1629
  +--> ?PR?_SET_AWAIT_NUMBER_TABLE?TIMER
  +--> ?PR?DISPLAY?TM1629

?PR?FUN62?TM1629                                 -----    -----
  +--> ?PR?RETURN_AWAIT_NUMBER_TABLE?TIMER
  +--> ?PR?_SHOW_FOUR_NUMBER?TM1629
  +--> ?PR?_SET_AWAIT_NUMBER_TABLE?TIMER
  +--> ?PR?DISPLAY?TM1629

?PR?FUN63?TM1629                                 -----    -----
  +--> ?PR?RETURN_AWAIT_NUMBER_TABLE?TIMER
  +--> ?PR?_SHOW_FOUR_NUMBER?TM1629
  +--> ?PR?_SET_AWAIT_NUMBER_TABLE?TIMER
  +--> ?PR?DISPLAY?TM1629

?PR?FUN64?TM1629                                 -----    -----
  +--> ?PR?RETURN_AWAIT_NUMBER_TABLE?TIMER
BL51 BANKED LINKER/LOCATER V6.22                                                      04/11/2016  14:38:45  PAGE 19


  +--> ?PR?_SHOW_FOUR_NUMBER?TM1629
  +--> ?PR?_SET_AWAIT_NUMBER_TABLE?TIMER
  +--> ?PR?DISPLAY?TM1629

?PR?FUN65?TM1629                                 -----    -----
  +--> ?PR?RETURN_AWAIT_NUMBER_TABLE?TIMER
  +--> ?PR?_SHOW_FOUR_NUMBER?TM1629
  +--> ?PR?_SET_AWAIT_NUMBER_TABLE?TIMER
  +--> ?PR?DISPLAY?TM1629

?PR?FUN66?TM1629                                 -----    -----
  +--> ?PR?RETURN_AWAIT_NUMBER_TABLE?TIMER
  +--> ?PR?_SHOW_FOUR_NUMBER?TM1629
  +--> ?PR?_SET_AWAIT_NUMBER_TABLE?TIMER
  +--> ?PR?DISPLAY?TM1629

?PR?FUN67?TM1629                                 -----    -----
  +--> ?PR?RETURN_AWAIT_NUMBER_TABLE?TIMER
  +--> ?PR?_SHOW_FOUR_NUMBER?TM1629
  +--> ?PR?_SET_AWAIT_NUMBER_TABLE?TIMER
  +--> ?PR?DISPLAY?TM1629

?PR?FUN68?TM1629                                 -----    -----
  +--> ?PR?RETURN_AWAIT_NUMBER_TABLE?TIMER
  +--> ?PR?_SHOW_FOUR_NUMBER?TM1629
  +--> ?PR?_SET_AWAIT_NUMBER_TABLE?TIMER
  +--> ?PR?DISPLAY?TM1629

?PR?FUN69?TM1629                                 -----    -----
  +--> ?PR?RETURN_AWAIT_NUMBER_TABLE?TIMER
  +--> ?PR?_SHOW_FOUR_NUMBER?TM1629
  +--> ?PR?_SET_AWAIT_NUMBER_TABLE?TIMER
  +--> ?PR?DISPLAY?TM1629

?PR?FUN70?TM1629                                 -----    -----
  +--> ?PR?RETURN_AWAIT_NUMBER_TABLE?TIMER
  +--> ?PR?_SHOW_FOUR_NUMBER?TM1629
  +--> ?PR?_SET_AWAIT_NUMBER_TABLE?TIMER
  +--> ?PR?DISPLAY?TM1629

?PR?FUN71?TM1629                                 -----    -----
  +--> ?PR?RETURN_AWAIT_NUMBER_TABLE?TIMER
  +--> ?PR?_SHOW_FOUR_NUMBER?TM1629
  +--> ?PR?_SET_AWAIT_NUMBER_TABLE?TIMER
  +--> ?PR?DISPLAY?TM1629

?PR?FUN72?TM1629                                 -----    -----
  +--> ?PR?RETURN_AWAIT_NUMBER_TABLE?TIMER
  +--> ?PR?_SHOW_FOUR_NUMBER?TM1629
  +--> ?PR?_SET_AWAIT_NUMBER_TABLE?TIMER
  +--> ?PR?DISPLAY?TM1629

?PR?FUN73?TM1629                                 -----    -----
  +--> ?PR?RETURN_AWAIT_NUMBER_TABLE?TIMER
  +--> ?PR?_SHOW_FOUR_NUMBER?TM1629
  +--> ?PR?_SET_AWAIT_NUMBER_TABLE?TIMER
  +--> ?PR?DISPLAY?TM1629
BL51 BANKED LINKER/LOCATER V6.22                                                      04/11/2016  14:38:45  PAGE 20



?PR?FUN74?TM1629                                 -----    -----
  +--> ?PR?RETURN_AWAIT_NUMBER_TABLE?TIMER
  +--> ?PR?_SHOW_FOUR_NUMBER?TM1629
  +--> ?PR?_SET_AWAIT_NUMBER_TABLE?TIMER
  +--> ?PR?DISPLAY?TM1629

?PR?FUN75?TM1629                                 -----    -----
  +--> ?PR?RETURN_AWAIT_NUMBER_TABLE?TIMER
  +--> ?PR?_SHOW_FOUR_NUMBER?TM1629
  +--> ?PR?_SET_AWAIT_NUMBER_TABLE?TIMER
  +--> ?PR?DISPLAY?TM1629

?PR?FUN76?TM1629                                 -----    -----
  +--> ?PR?RETURN_AWAIT_NUMBER_TABLE?TIMER
  +--> ?PR?_SHOW_FOUR_NUMBER?TM1629
  +--> ?PR?_SET_AWAIT_NUMBER_TABLE?TIMER
  +--> ?PR?DISPLAY?TM1629

?PR?FUN77?TM1629                                 -----    -----
  +--> ?PR?RETURN_AWAIT_NUMBER_TABLE?TIMER
  +--> ?PR?_SHOW_FOUR_NUMBER?TM1629
  +--> ?PR?_SET_AWAIT_NUMBER_TABLE?TIMER
  +--> ?PR?DISPLAY?TM1629

?PR?FUN78?TM1629                                 -----    -----
  +--> ?PR?RETURN_AWAIT_NUMBER_TABLE?TIMER
  +--> ?PR?_SHOW_FOUR_NUMBER?TM1629
  +--> ?PR?_SET_AWAIT_NUMBER_TABLE?TIMER
  +--> ?PR?DISPLAY?TM1629

?PR?FUN79?TM1629                                 -----    -----
  +--> ?PR?RETURN_AWAIT_NUMBER_TABLE?TIMER
  +--> ?PR?_SHOW_FOUR_NUMBER?TM1629
  +--> ?PR?_SET_AWAIT_NUMBER_TABLE?TIMER
  +--> ?PR?DISPLAY?TM1629

?PR?FUN80?TM1629                                 -----    -----
  +--> ?PR?RETURN_AWAIT_NUMBER_TABLE?TIMER
  +--> ?PR?_SHOW_FOUR_NUMBER?TM1629
  +--> ?PR?_SET_AWAIT_NUMBER_TABLE?TIMER
  +--> ?PR?DISPLAY?TM1629

?PR?FUN81?TM1629                                 -----    -----
  +--> ?PR?RETURN_AWAIT_NUMBER_TABLE?TIMER
  +--> ?PR?_SHOW_FOUR_NUMBER?TM1629
  +--> ?PR?_SET_AWAIT_NUMBER_TABLE?TIMER
  +--> ?PR?DISPLAY?TM1629

?PR?FUN82?TM1629                                 -----    -----
  +--> ?PR?RETURN_TWO_MENU_F3_E1?KEY
  +--> ?PR?_SHOW_ONE_NUMBER?TM1629

?PR?FUN83?TM1629                                 -----    -----
  +--> ?PR?RETURN_TWO_MENU_F3_E2?KEY
  +--> ?PR?_SHOW_TWO_NUMBER?TM1629

BL51 BANKED LINKER/LOCATER V6.22                                                      04/11/2016  14:38:45  PAGE 21


?PR?FUN84?TM1629                                 -----    -----
  +--> ?PR?RETURN_TWO_MENU_F6_E1?KEY
  +--> ?PR?_SHOW_ONE_NUMBER?TM1629

?PR?FUN85?TM1629                                 -----    -----
  +--> ?PR?RETURN_TWO_MENU_F6_E2?KEY
  +--> ?PR?_SHOW_ONE_NUMBER?TM1629

?PR?FUN86?TM1629                                 -----    -----
  +--> ?PR?RETURN_TWO_MENU_F6_E3?KEY
  +--> ?PR?_SHOW_ONE_NUMBER?TM1629

?PR?FUN87?TM1629                                 04D0H    0001H
  +--> ?PR?RETURN_TWO_MENU_F6_E4?KEY
  +--> ?PR?_GD5800_SOUND_VOLUME?GD5800
  +--> ?PR?_SHOW_ONE_NUMBER?TM1629

?PR?FUN88?TM1629                                 -----    -----
  +--> ?PR?RETURN_TWO_MENU_F6_E5?KEY
  +--> ?PR?_SHOW_ONE_NUMBER?TM1629

?PR?FUN89?TM1629                                 -----    -----
  +--> ?PR?RETURN_TWO_MENU_F7_E1?KEY
  +--> ?PR?_SHOW_ONE_NUMBER?TM1629
  +--> ?PR?SHOW_OFF?TM1629

?PR?SHOW_OFF?TM1629                              -----    -----
  +--> ?PR?TM1629_CLEAR?TM1629
  +--> ?PR?DISPLAY?TM1629

?PR?FUN90?TM1629                                 -----    -----
  +--> ?PR?RETURN_TWO_MENU_F7_E2?KEY
  +--> ?PR?_SHOW_ONE_NUMBER?TM1629

?PR?FUN91?TM1629                                 -----    -----
  +--> ?PR?RETURN_TWO_MENU_F7_E3?KEY
  +--> ?PR?_SHOW_ONE_NUMBER?TM1629

?PR?FUN92?TM1629                                 -----    -----
  +--> ?PR?RETURN_TWO_MENU_F7_E4?KEY
  +--> ?PR?_SHOW_ONE_NUMBER?TM1629

?PR?FUN93?TM1629                                 04D0H    0001H
  +--> ?PR?RETURN_TWO_MENU_F8_E1?KEY
  +--> ?PR?_SHOW_ONE_NUMBER?TM1629
  +--> ?PR?DELETE_ALL_DATA?AT24C256
  +--> ?PR?RETURN_SOUND_TABLE?KEY
  +--> ?PR?_GD5800_SELECT_CHAPTER?GD5800
  +--> ?PR?_SET_SOUND_TABLE?KEY

?PR?FUN94?TM1629                                 04D0H    0001H
  +--> ?PR?RETURN_TWO_MENU_F8_E2?KEY
  +--> ?PR?_SHOW_TWO_NUMBER?TM1629
  +--> ?PR?RETURN_SOUND_TABLE?KEY
  +--> ?PR?_GD5800_SELECT_CHAPTER_NEW?GD5800
  +--> ?PR?RETURN_TWO_MENU_SET_SUCCESS?DECODER
  +--> ?PR?_SET_TWO_MENU_SET_SUCCESS?DECODER
BL51 BANKED LINKER/LOCATER V6.22                                                      04/11/2016  14:38:45  PAGE 22



?PR?FUN95?TM1629                                 04D0H    0002H
  +--> ?PR?RETURN_TWO_MENU_F6_E1?KEY
  +--> ?PR?RETURN_TWO_MENU_F6_E8?KEY
  +--> ?PR?_GD5800_SELECT_CHAPTER?GD5800
  +--> ?PR?RETURN_AWAIT_NUMBER_TABLE?TIMER
  +--> ?PR?_SET_AWAIT_NUMBER_TABLE?TIMER

?PR?FUN96?TM1629                                 -----    -----
  +--> ?PR?_TM1629_E?TM1629

?PR?FUN97?TM1629                                 -----    -----
  +--> ?PR?RETURN_TWO_MENU_F6_E6?KEY
  +--> ?PR?_SHOW_ONE_NUMBER?TM1629

?PR?FUN98?TM1629                                 -----    -----
  +--> ?PR?_TM1629_E?TM1629

?PR?FUN99?TM1629                                 -----    -----
  +--> ?PR?RETURN_TWO_MENU_F6_E7?KEY
  +--> ?PR?_SHOW_ONE_NUMBER?TM1629

?PR?FUN100?TM1629                                -----    -----
  +--> ?PR?_TM1629_E?TM1629

?PR?FUN101?TM1629                                -----    -----
  +--> ?PR?RETURN_TWO_MENU_F6_E8?KEY
  +--> ?PR?_SHOW_ONE_NUMBER?TM1629

?PR?FUN102?TM1629                                -----    -----
  +--> ?PR?_TM1629_F?TM1629

?PR?FUN103?TM1629                                -----    -----
  +--> ?PR?_TM1629_E?TM1629

?PR?FUN104?TM1629                                -----    -----
  +--> ?PR?_TM1629_E?TM1629

?PR?FUN105?TM1629                                04D0H    0009H
  +--> ?PR?RETURN_AWAIT_NUMBER_TABLE?TIMER
  +--> ?PR?TM1629_CLEAR?TM1629
  +--> ?PR?DISPLAY?TM1629
  +--> ?PR?_SET_AWAIT_NUMBER_TABLE?TIMER
  +--> ?PR?_IRCVSTR?AT24C256
  +--> ?PR?_USART1_SENDDATA?USART

?PR?FUN106?TM1629                                -----    -----
  +--> ?PR?_ISENDSTR?AT24C256
  +--> ?PR?_USART1_SENDDATA?USART
  +--> ?PR?TM1629_CLEAR?TM1629
  +--> ?PR?DISPLAY?TM1629
  +--> ?PR?RETURN_AWAIT_NUMBER_TABLE?TIMER
  +--> ?PR?_SET_AWAIT_NUMBER_TABLE?TIMER

?PR?LOGOUT?TM1629                                04D0H    0001H
  +--> ?PR?RETURN_TWO_MENU_F3_E2?KEY
  +--> ?PR?_MCURAM_TO_MCURAM_UP?TM1629
BL51 BANKED LINKER/LOCATER V6.22                                                      04/11/2016  14:38:45  PAGE 23


  +--> ?PR?TM1629_LOAD?TM1629
  +--> ?PR?DISPLAY?TM1629
  +--> ?PR?_SET_FUNC_INDEX?KEY

?PR?TM1629_LOAD?TM1629                           -----    -----
  +--> ?PR?TM1629_CLEAR?TM1629
  +--> ?PR?_MCURAM_TO_DISPLAYRAM?TM1629

?PR?_MCURAM_TO_DISPLAYRAM?TM1629                 0506H    0006H

?PR?CYCLEUP?TM1629                               04D0H    0007H
  +--> ?CO?TM1629
  +--> ?PR?RETURN_TWO_MENU_F3_E2?KEY
  +--> ?PR?_MCURAM_TO_MCURAM_UP?TM1629
  +--> ?PR?TM1629_LOAD?TM1629
  +--> ?PR?DISPLAY?TM1629

?PR?CYCLEDOWN?TM1629                             04D0H    0008H
  +--> ?CO?TM1629
  +--> ?PR?RETURN_TWO_MENU_F3_E2?KEY
  +--> ?PR?_MCURAM_TO_MCURAM_DOWN?TM1629
  +--> ?PR?TM1629_LOAD?TM1629
  +--> ?PR?DISPLAY?TM1629

?PR?DECODERPROCESS?DECODER                       04CFH    0029H
  +--> ?PR?RETURN_FUNC_INDEX?KEY
  +--> ?PR?RETURN_TWO_MENU_F8_E1?KEY
  +--> ?PR?RETURN_TWO_MENU_F8_E2?KEY
  +--> ?PR?RETURN_TWO_MENU_F3_E1?KEY
  +--> ?PR?RETURN_TWO_MENU_F3_E2?KEY
  +--> ?PR?RETURN_TWO_MENU_F7_E1?KEY
  +--> ?PR?RETURN_TWO_MENU_F6_E1?KEY
  +--> ?PR?RETURN_TWO_MENU_F6_E2?KEY
  +--> ?PR?RECEIVE_RF_DECODER?EV1527
  +--> ?PR?RETURN_AGAIN_RECEIVE_RF_DECODER_F...
  +--> ?PR?_SET_LOGOUT_CYCLE_TABLE?TIMER
  +--> ?PR?_SUBMENUF6_1?GD5800
  +--> ?PR?_CANCEL_FUNTION?TM1629
  +--> ?PR?_MCU_TO_COMPUTER?COM
  +--> ?PR?TM1629_CLEAR?TM1629
  +--> ?PR?_DECODER_TEMP_TO_MCURAM?TM1629
  +--> ?PR?TM1629_LOAD?TM1629
  +--> ?PR?DISPLAY?TM1629
  +--> ?PR?_SET_FUNC_INDEX?KEY
  +--> ?PR?_FIND_RF_EEPROM?AT24C256
  +--> ?PR?RETURN_SECOND_FILTER_TABLE?TIMER
  +--> ?PR?CLEAR_SECOND_FILTER_TIME?TIMER
  +--> ?PR?_SET_SECOND_FILTER_TABLE?TIMER
  +--> ?PR?_SEARCH_FUNTION?TM1629
  +--> ?PR?_MCURAM_TO_MCURAM_DOWN?TM1629
  +--> ?PR?CLEAR_AGAIN_RECEIVE_RF_DECODER_FI...
  +--> ?PR?_REGISTER_CALL_FUNCTION?AT24C256
  +--> ?PR?DELAY10MS?KEY
  +--> ?PR?_REGISTER_HOST_FUNCTION?AT24C256
  +--> ?PR?_REGISTER_ALARM_FUNCTION?AT24C256
  +--> ?PR?_REGISTER_CANCEL_FUNCTION?AT24C256
  +--> ?PR?_SET_SOUND_TABLE?KEY
BL51 BANKED LINKER/LOCATER V6.22                                                      04/11/2016  14:38:45  PAGE 24


  +--> ?PR?_ISENDSTR?AT24C256
  +--> ?PR?LOGOUTPROCESS?TM1629
  +--> ?PR?CYCLEPROCESS?TM1629

?PR?RECEIVE_RF_DECODER?EV1527                    04F8H    0009H
  +--> ?PR?RETURN_FUNC_INDEX?KEY
  +--> ?PR?CLEAR_AGAIN_AND_AGAIN_TIME?TIMER
  +--> ?PR?CLEAR_RETURN_STANDBY_TIME?TIMER
  +--> ?PR?_FIND_RF_EEPROM_HOST?AT24C256
  +--> ?PR?_SET_SOUND_TABLE?KEY

?PR?_FIND_RF_EEPROM_HOST?AT24C256                0501H    0013H
  +--> ?PR?_IRCVSTR?AT24C256
  +--> ?PR?RETURN_TWO_MENU_F8_E1?KEY

?PR?_SUBMENUF6_1?GD5800                          0506H    0011H
  +--> ?PR?RETURN_TWO_MENU_F7_E1?KEY
  +--> ?PR?RETURN_TWO_MENU_F6_E7?KEY
  +--> ?PR?_GD5800_SELECT_CHAPTER?GD5800
  +--> ?PR?_SUBMENUF6_1_VOICESELECT?GD5800

?PR?_SUBMENUF6_1_VOICESELECT?GD5800              0517H    0004H
  +--> ?PR?_GD5800_SELECT_CHAPTER?GD5800

?PR?_CANCEL_FUNTION?TM1629                       04F8H    0012H
  +--> ?CO?TM1629
  +--> ?PR?RETURN_TWO_MENU_F3_E2?KEY
  +--> ?PR?GD5800_STOP_MUSIC?GD5800
  +--> ?PR?_MCURAM_TO_MCURAM_UP?TM1629
  +--> ?PR?_SET_FUNC_INDEX?KEY

?PR?_MCU_TO_COMPUTER?COM                         04F8H    000BH
  +--> ?PR?DS1302_READ_TIME?DS1302
  +--> ?PR?_USART1_SENDDATA?USART

?PR?_DECODER_TEMP_TO_MCURAM?TM1629               04F8H    0006H

?PR?_FIND_RF_EEPROM?AT24C256                     04F8H    0007H
  +--> ?PR?_FIND_RF_EEPROM_CANCEL?AT24C256
  +--> ?PR?_FIND_RF_EEPROM_ALARM?AT24C256
  +--> ?PR?_FIND_RF_EEPROM_CALL?AT24C256

?PR?_FIND_RF_EEPROM_CANCEL?AT24C256              04FFH    0013H
  +--> ?PR?_IRCVSTR?AT24C256
  +--> ?PR?RETURN_TWO_MENU_F8_E1?KEY

?PR?_FIND_RF_EEPROM_ALARM?AT24C256               04FFH    0013H
  +--> ?PR?_IRCVSTR?AT24C256
  +--> ?PR?RETURN_TWO_MENU_F8_E1?KEY

?PR?_FIND_RF_EEPROM_CALL?AT24C256                04FFH    0013H
  +--> ?PR?_IRCVSTR?AT24C256
  +--> ?PR?RETURN_TWO_MENU_F8_E1?KEY

?PR?_SEARCH_FUNTION?TM1629                       04F8H    000DH
  +--> ?CO?TM1629
  +--> ?PR?RETURN_TWO_MENU_F3_E2?KEY
BL51 BANKED LINKER/LOCATER V6.22                                                      04/11/2016  14:38:45  PAGE 25


  +--> ?PR?_MCURAM_TO_MCURAM_UP?TM1629

?PR?_REGISTER_CALL_FUNCTION?AT24C256             04F8H    0011H
  +--> ?PR?_IRCVSTR?AT24C256
  +--> ?PR?RETURN_TWO_MENU_F8_E1?KEY
  +--> ?PR?_ISENDSTR?AT24C256
  +--> ?PR?_GD5800_SELECT_CHAPTER_NEW?GD5800

?PR?_REGISTER_HOST_FUNCTION?AT24C256             04F8H    0011H
  +--> ?PR?_IRCVSTR?AT24C256
  +--> ?PR?RETURN_TWO_MENU_F8_E1?KEY
  +--> ?PR?_GD5800_SELECT_CHAPTER?GD5800
  +--> ?PR?_ISENDSTR?AT24C256
  +--> ?PR?_GD5800_SELECT_CHAPTER_NEW?GD5800

?PR?_REGISTER_ALARM_FUNCTION?AT24C256            04F8H    0011H
  +--> ?PR?_IRCVSTR?AT24C256
  +--> ?PR?RETURN_TWO_MENU_F8_E1?KEY
  +--> ?PR?_GD5800_SELECT_CHAPTER?GD5800
  +--> ?PR?_ISENDSTR?AT24C256
  +--> ?PR?_GD5800_SELECT_CHAPTER_NEW?GD5800

?PR?_REGISTER_CANCEL_FUNCTION?AT24C256           04F8H    0011H
  +--> ?PR?_IRCVSTR?AT24C256
  +--> ?PR?RETURN_TWO_MENU_F8_E1?KEY
  +--> ?PR?_GD5800_SELECT_CHAPTER?GD5800
  +--> ?PR?_ISENDSTR?AT24C256
  +--> ?PR?_GD5800_SELECT_CHAPTER_NEW?GD5800

?PR?LOGOUTPROCESS?TM1629                         04F8H    0009H
  +--> ?PR?RETURN_TWO_MENU_F5_E1?KEY
  +--> ?PR?RETURN_TWO_MENU_F4_E1?KEY
  +--> ?PR?RETURN_LOGOUT_CYCLE_TABLE?TIMER
  +--> ?PR?RETURN_TWO_MENU_F3_E2?KEY
  +--> ?PR?RETURN_TWO_MENU_F3_E1?KEY
  +--> ?PR?RETURN_TWO_MENU_F6_E2?KEY
  +--> ?PR?_MCURAM_TO_MCURAM_UP?TM1629
  +--> ?PR?TM1629_LOAD?TM1629
  +--> ?PR?DISPLAY?TM1629
  +--> ?PR?_SET_LOGOUT_CYCLE_TABLE?TIMER
  +--> ?PR?_SET_FUNC_INDEX?KEY
  +--> ?PR?_SUBMENUF6_1?GD5800

?PR?CYCLEPROCESS?TM1629                          04F8H    000EH
  +--> ?CO?TM1629
  +--> ?PR?RETURN_TWO_MENU_F6_E3?KEY
  +--> ?PR?RETURN_TWO_MENU_F6_E1?KEY
  +--> ?PR?RETURN_TWO_MENU_F5_E1?KEY
  +--> ?PR?RETURN_TWO_MENU_F4_E1?KEY
  +--> ?PR?RETURN_LOGOUT_CYCLE_TABLE?TIMER
  +--> ?PR?_MCURAM_TO_MCURAM_DOWN?TM1629
  +--> ?PR?TM1629_LOAD?TM1629
  +--> ?PR?DISPLAY?TM1629
  +--> ?PR?_SET_LOGOUT_CYCLE_TABLE?TIMER
  +--> ?PR?_SUBMENUF6_1?GD5800

?PR?REPLAY_PROCESS?DECODER                       04CFH    0001H
BL51 BANKED LINKER/LOCATER V6.22                                                      04/11/2016  14:38:45  PAGE 26


  +--> ?PR?_SUBMENUF6_1?GD5800
  +--> ?PR?_DELAYMULTI10MS?KEY

?PR?_DELAYMULTI10MS?KEY                          -----    -----
  +--> ?PR?DELAY10MS?KEY

?C_INITSEG                                       -----    -----
  +--> ?CO?USART

*** NEW ROOT ***************************************************

?PR?UART?USART                                   051DH    0001H
  +--> ?PR?RETURN_FUNC_INDEX?KEY
  +--> ?PR?_USART1_SENDDATA?USART

*** NEW ROOT ***************************************************

?PR?TIMER0_ISR?TIMER                             051EH    0002H
  +--> ?PR?RETURN_FUNC_INDEX?KEY
  +--> ?PR?RETURN_TWO_MENU_FC_E1?KEY
  +--> ?PR?RETURN_AGAIN_AND_AGAIN_DECODER_TA...
  +--> ?PR?CLEAR_AGAIN_AND_AGAIN_DECODER_TAB...
  +--> ?PR?_SET_FUNC_INDEX?KEY

*** NEW ROOT ***************************************************

?PR?TIMER1_ISR?TIMER                             -----    -----
  +--> ?PR?RETURN_FUNC_INDEX?KEY
  +--> ?PR?RF_DECODE_MAIN_SJZ_TEST?EV1527
  +--> ?PR?RF_DECODE_MAIN?EV1527

?PR?RF_DECODE_MAIN_SJZ_TEST?EV1527               -----    -----
  +--> ?PR?RF_INI_RECEIVE?EV1527

?PR?RF_DECODE_MAIN?EV1527                        -----    -----
  +--> ?PR?RF_INI_RECEIVE?EV1527



SYMBOL TABLE OF MODULE:  Receiver_keil (?C_STARTUP)

  VALUE           TYPE          NAME
  ----------------------------------

  -------         MODULE        ?C_STARTUP
  C:6020H         SEGMENT       ?C_C51STARTUP
  I:0022H         SEGMENT       ?STACK
  C:0000H         PUBLIC        ?C_STARTUP
  D:00E0H         SYMBOL        ACC
  D:00F0H         SYMBOL        B
  D:0083H         SYMBOL        DPH
  D:0082H         SYMBOL        DPL
  N:0000H         SYMBOL        IBPSTACK
  N:0100H         SYMBOL        IBPSTACKTOP
  N:0080H         SYMBOL        IDATALEN
  C:6023H         SYMBOL        IDATALOOP
  N:0000H         SYMBOL        PBPSTACK
BL51 BANKED LINKER/LOCATER V6.22                                                      04/11/2016  14:38:45  PAGE 27


  N:0100H         SYMBOL        PBPSTACKTOP
  N:0000H         SYMBOL        PDATALEN
  N:0000H         SYMBOL        PDATASTART
  N:0000H         SYMBOL        PPAGE
  N:0000H         SYMBOL        PPAGEENABLE
  D:00A0H         SYMBOL        PPAGE_SFR
  D:0081H         SYMBOL        SP
  C:6020H         SYMBOL        STARTUP1
  N:0000H         SYMBOL        XBPSTACK
  N:0000H         SYMBOL        XBPSTACKTOP
  N:0000H         SYMBOL        XDATALEN
  N:0000H         SYMBOL        XDATASTART
  C:0000H         LINE#         126
  C:6020H         LINE#         133
  C:6022H         LINE#         134
  C:6023H         LINE#         135
  C:6024H         LINE#         136
  C:6026H         LINE#         185
  C:6029H         LINE#         196
  -------         ENDMOD        ?C_STARTUP

  -------         MODULE        MAIN
  C:0000H         SYMBOL        _ICE_DUMMY_
  D:0080H         PUBLIC        P0
  D:00B2H         PUBLIC        P3M0
  D:0090H         PUBLIC        P1
  D:00B1H         PUBLIC        P3M1
  D:00A0H         PUBLIC        P2
  D:00B0H         PUBLIC        P3
  D:00C0H         PUBLIC        P4
  D:00C8H         PUBLIC        P5
  D:00E8H         PUBLIC        P6
  D:00F8H         PUBLIC        P7
  D:00A8H         PUBLIC        IE
  D:00B8H         PUBLIC        IP
  D:00D8H         PUBLIC        CCON
  C:6B21H         PUBLIC        main
  D:0098H         PUBLIC        SCON
  D:0088H         PUBLIC        TCON
  D:00D0H         PUBLIC        PSW
  -------         PROC          MAIN
  C:6B21H         LINE#         14
  C:6B21H         LINE#         15
  C:6B21H         LINE#         17
  C:6B24H         LINE#         25
  C:6B27H         LINE#         29
  C:6B2AH         LINE#         33
  C:6B2DH         LINE#         37
  C:6B30H         LINE#         41
  C:6B33H         LINE#         42
  C:6B36H         LINE#         50
  C:6B39H         LINE#         51
  C:6B3CH         LINE#         53
  C:6B3FH         LINE#         55
  C:6B42H         LINE#         61
  C:6B42H         LINE#         62
  C:6B42H         LINE#         66
BL51 BANKED LINKER/LOCATER V6.22                                                      04/11/2016  14:38:45  PAGE 28


  C:6B45H         LINE#         67
  C:6B48H         LINE#         71
  C:6B4BH         LINE#         77
  -------         ENDPROC       MAIN
  -------         ENDMOD        MAIN

  -------         MODULE        USART
  C:0000H         SYMBOL        _ICE_DUMMY_
  D:0080H         PUBLIC        P0
  D:0090H         PUBLIC        P1
  D:00A0H         PUBLIC        P2
  D:00B0H         PUBLIC        P3
  D:00C0H         PUBLIC        P4
  D:00C8H         PUBLIC        P5
  B:00A8H.7       PUBLIC        EA
  D:00E8H         PUBLIC        P6
  D:00F8H         PUBLIC        P7
  X:05CCH         SYMBOL        SPIOK
  X:05CFH         SYMBOL        OKSPI
  C:6A5AH         PUBLIC        _SendString
  C:75F6H         PUBLIC        _SendData
  D:00A2H         PUBLIC        P_SW1
  D:00BAH         PUBLIC        P_SW2
  D:00A8H         PUBLIC        IE
  X:05D2H         PUBLIC        usart1_num
  X:05D3H         PUBLIC        usart2_num
  B:00A8H.4       PUBLIC        ES
  D:00B8H         PUBLIC        IP
  X:05D4H         SYMBOL        OK
  B:0098H.0       PUBLIC        RI
  B:0098H.1       PUBLIC        TI
  C:5BB5H         PUBLIC        Uart
  D:00D8H         PUBLIC        CCON
  C:6FFBH         PUBLIC        UsartInit
  C:69F4H         PUBLIC        _Usart1_SendString
  C:6A27H         PUBLIC        _Usart2_SendString
  C:75E4H         PUBLIC        _Usart1_SendData
  C:75EDH         PUBLIC        _Usart2_SendData
  X:05D7H         PUBLIC        usart2_enable
  D:0099H         PUBLIC        SBUF
  D:0098H         PUBLIC        SCON
  D:0088H         PUBLIC        TCON
  C:6400H         PUBLIC        _uart_printf
  D:00AFH         PUBLIC        IE2
  D:008EH         PUBLIC        AUXR
  B:0021H.1       PUBLIC        busy
  D:00E0H         PUBLIC        ACC
  X:05D8H         PUBLIC        usart1_begin
  X:05D9H         PUBLIC        usart2_begin
  D:00D6H         PUBLIC        T2H
  B:00D0H.0       PUBLIC        P
  C:5EFFH         PUBLIC        Uart2
  D:00D7H         PUBLIC        T2L
  X:05DAH         PUBLIC        usart2_data
  D:009BH         PUBLIC        S2BUF
  X:05DEH         PUBLIC        usart2_right
  D:009AH         PUBLIC        S2CON
BL51 BANKED LINKER/LOCATER V6.22                                                      04/11/2016  14:38:45  PAGE 29


  D:00D0H         PUBLIC        PSW
  -------         PROC          UART
  -------         DO            
  X:051DH         SYMBOL        temp
  -------         ENDDO         
  C:5BB5H         LINE#         26
  C:5BC2H         LINE#         28
  C:5BC7H         LINE#         29
  C:5BCDH         LINE#         30
  C:5BCDH         LINE#         31
  C:5BCFH         LINE#         33
  C:5BD2H         LINE#         34
  C:5BDFH         LINE#         35
  C:5BDFH         LINE#         36
  C:5BE7H         LINE#         37
  C:5BE7H         LINE#         38
  C:5BEDH         LINE#         39
  C:5BEFH         LINE#         40
  C:5BF4H         LINE#         41
  C:5BF4H         LINE#         42
  C:5BF8H         LINE#         43
  C:5BF8H         LINE#         44
  C:5BFAH         LINE#         45
  C:5C02H         LINE#         46
  C:5C02H         LINE#         47
  C:5C10H         LINE#         48
  C:5C10H         LINE#         49
  C:5C16H         LINE#         50
  C:5C1CH         LINE#         51
  C:5C20H         LINE#         52
  C:5C22H         LINE#         53
  C:5C2AH         LINE#         54
  C:5C2AH         LINE#         55
  C:5C39H         LINE#         56
  C:5C3FH         LINE#         57
  C:5C43H         LINE#         58
  C:5C43H         LINE#         59
  C:5C45H         LINE#         60
  C:5C49H         LINE#         61
  C:5C57H         LINE#         62
  C:5C57H         LINE#         63
  C:5C5DH         LINE#         64
  C:5C5FH         LINE#         66
  C:5C5FH         LINE#         67
  C:5C64H         LINE#         68
  C:5C64H         LINE#         70
  C:5C64H         LINE#         71
  C:5C64H         LINE#         72
  C:5C64H         LINE#         78
  C:5C64H         LINE#         79
  C:5C67H         LINE#         80
  C:5C67H         LINE#         81
  C:5C69H         LINE#         82
  C:5C6BH         LINE#         83
  C:5C6BH         LINE#         84
  -------         ENDPROC       UART
  -------         PROC          UART2
BL51 BANKED LINKER/LOCATER V6.22                                                      04/11/2016  14:38:45  PAGE 30


  -------         DO            
  D:000FH         SYMBOL        temp
  -------         ENDDO         
  C:5EFFH         LINE#         89
  C:5F0CH         LINE#         91
  C:5F0EH         LINE#         92
  C:5F13H         LINE#         93
  C:5F13H         LINE#         94
  C:5F16H         LINE#         95
  C:5F18H         LINE#         96
  C:5F20H         LINE#         97
  C:5F20H         LINE#         98
  C:5F28H         LINE#         99
  C:5F28H         LINE#         100
  C:5F3BH         LINE#         101
  C:5F3BH         LINE#         103
  C:5F42H         LINE#         104
  C:5F42H         LINE#         105
  C:5F47H         LINE#         106
  C:5F4BH         LINE#         107
  C:5F50H         LINE#         108
  C:5F50H         LINE#         109
  C:5F50H         LINE#         110
  C:5F57H         LINE#         111
  C:5F57H         LINE#         112
  C:5F5CH         LINE#         113
  C:5F60H         LINE#         114
  C:5F77H         LINE#         115
  C:5F77H         LINE#         116
  C:5F7CH         LINE#         117
  C:5F7CH         LINE#         118
  C:5F7CH         LINE#         122
  C:5F7CH         LINE#         123
  C:5F81H         LINE#         124
  C:5F81H         LINE#         125
  C:5F84H         LINE#         126
  C:5F86H         LINE#         127
  C:5F86H         LINE#         128
  -------         ENDPROC       UART2
  -------         PROC          _USART1_SENDDATA
  D:0007H         SYMBOL        dat
  C:75E4H         LINE#         133
  C:75E4H         LINE#         134
  C:75E4H         LINE#         135
  C:75E7H         LINE#         136
  C:75E8H         LINE#         137
  C:75E8H         LINE#         138
  C:75E8H         LINE#         144
  C:75E8H         LINE#         146
  C:75E8H         LINE#         152
  C:75E8H         LINE#         153
  C:75EAH         LINE#         154
  C:75ECH         LINE#         155
  -------         ENDPROC       _USART1_SENDDATA
  -------         PROC          _USART1_SENDSTRING
  X:0613H         SYMBOL        s
  C:69F4H         LINE#         160
BL51 BANKED LINKER/LOCATER V6.22                                                      04/11/2016  14:38:45  PAGE 31


  C:69FFH         LINE#         161
  C:69FFH         LINE#         162
  C:6A0FH         LINE#         163
  C:6A0FH         LINE#         164
  C:6A24H         LINE#         165
  C:6A26H         LINE#         166
  -------         ENDPROC       _USART1_SENDSTRING
  -------         PROC          _USART2_SENDDATA
  D:0007H         SYMBOL        dat
  C:75EDH         LINE#         171
  C:75EDH         LINE#         172
  C:75EDH         LINE#         173
  C:75F0H         LINE#         174
  C:75F1H         LINE#         175
  C:75F1H         LINE#         176
  C:75F1H         LINE#         182
  C:75F1H         LINE#         184
  C:75F1H         LINE#         190
  C:75F1H         LINE#         191
  C:75F3H         LINE#         192
  C:75F5H         LINE#         193
  -------         ENDPROC       _USART2_SENDDATA
  -------         PROC          _USART2_SENDSTRING
  X:0616H         SYMBOL        s
  C:6A27H         LINE#         198
  C:6A32H         LINE#         199
  C:6A32H         LINE#         200
  C:6A42H         LINE#         201
  C:6A42H         LINE#         202
  C:6A57H         LINE#         203
  C:6A59H         LINE#         204
  -------         ENDPROC       _USART2_SENDSTRING
  -------         PROC          _SENDDATA
  D:0007H         SYMBOL        dat
  C:75F6H         LINE#         210
  C:75F6H         LINE#         211
  C:75F6H         LINE#         212
  C:75F9H         LINE#         213
  C:75FAH         LINE#         214
  C:75FAH         LINE#         215
  C:75FAH         LINE#         221
  C:75FAH         LINE#         223
  C:75FAH         LINE#         229
  C:75FAH         LINE#         230
  C:75FCH         LINE#         231
  C:75FEH         LINE#         232
  -------         ENDPROC       _SENDDATA
  -------         PROC          _SENDSTRING
  X:0619H         SYMBOL        s
  C:6A5AH         LINE#         237
  C:6A65H         LINE#         238
  C:6A65H         LINE#         239
  C:6A75H         LINE#         240
  C:6A75H         LINE#         241
  C:6A8AH         LINE#         242
  C:6A8CH         LINE#         243
  -------         ENDPROC       _SENDSTRING
BL51 BANKED LINKER/LOCATER V6.22                                                      04/11/2016  14:38:45  PAGE 32


  -------         PROC          USARTINIT
  C:6FFBH         LINE#         246
  C:6FFBH         LINE#         247
  C:6FFBH         LINE#         248
  C:6FFDH         LINE#         249
  C:6FFFH         LINE#         250
  C:7001H         LINE#         262
  C:7004H         LINE#         266
  C:7007H         LINE#         274
  C:700AH         LINE#         282
  C:700DH         LINE#         283
  C:7010H         LINE#         284
  C:7013H         LINE#         285
  C:7016H         LINE#         286
  C:7018H         LINE#         287
  C:701BH         LINE#         288
  C:701DH         LINE#         293
  -------         ENDPROC       USARTINIT
  -------         PROC          _UART_PRINTF
  X:03A1H         SYMBOL        fmt
  -------         DO            
  X:03A4H         SYMBOL        ellipsis_40
  X:03CCH         SYMBOL        ap
  X:03CFH         SYMBOL        string
  -------         ENDDO         
  C:6400H         LINE#         295
  C:640BH         LINE#         296
  C:640BH         LINE#         300
  C:6419H         LINE#         301
  C:644CH         LINE#         302
  -------         ENDPROC       _UART_PRINTF
  -------         ENDMOD        USART

  -------         MODULE        KEY
  C:0000H         SYMBOL        _ICE_DUMMY_
  D:0080H         PUBLIC        P0
  D:0090H         PUBLIC        P1
  D:00A0H         PUBLIC        P2
  D:00B0H         PUBLIC        P3
  D:00C0H         PUBLIC        P4
  C:7427H         PUBLIC        _delaymulti10ms
  D:00C8H         PUBLIC        P5
  D:00E8H         PUBLIC        P6
  D:00F8H         PUBLIC        P7
  C:2E8BH         PUBLIC        table
  D:00A8H         PUBLIC        IE
  C:0FC2H         PUBLIC        KeyProcess
  X:0520H         PUBLIC        Two_Menu_Fb_E1
  X:0521H         PUBLIC        Two_Menu_Fd_E1
  X:0522H         PUBLIC        sound_table
  C:7721H         PUBLIC        return_Two_Menu_Fb_E1
  D:00B8H         PUBLIC        IP
  C:770FH         PUBLIC        return_sound_table
  D:00D8H         PUBLIC        CCON
  X:0523H         PUBLIC        func_index
  C:7697H         PUBLIC        return_func_index
  C:271DH         PUBLIC        KeyScan
BL51 BANKED LINKER/LOCATER V6.22                                                      04/11/2016  14:38:45  PAGE 33


  D:0098H         PUBLIC        SCON
  D:0088H         PUBLIC        TCON
  B:00B0H.3       PUBLIC        P33
  B:00A0H.5       PUBLIC        P25
  B:0090H.7       PUBLIC        P17
  B:00B0H.6       PUBLIC        P36
  B:00C8H.5       PUBLIC        P55
  B:00B0H.7       PUBLIC        P37
  X:0524H         PUBLIC        current_operation_index
  D:00C7H         PUBLIC        IAP_CONTR
  C:7715H         PUBLIC        _set_sound_table
  C:5DD2H         PUBLIC        env_load
  C:758EH         PUBLIC        delay10ms
  C:769DH         PUBLIC        _set_func_index
  D:00C1H         PUBLIC        WDT_CONTR
  C:6869H         PUBLIC        key_init
  C:6455H         PUBLIC        var_init
  C:3C2BH         PUBLIC        env_init
  X:0527H         PUBLIC        Two_Menu_F1_E1
  X:052CH         PUBLIC        Two_Menu_F2_E1
  X:0531H         PUBLIC        Two_Menu_F1_E2
  X:0536H         PUBLIC        Two_Menu_F3_E1
  X:0537H         PUBLIC        Two_Menu_F2_E2
  X:053CH         PUBLIC        Two_Menu_F1_E3
  X:0541H         PUBLIC        Two_Menu_F4_E1
  X:0542H         PUBLIC        Two_Menu_F3_E2
  X:0543H         PUBLIC        Two_Menu_F2_E3
  X:0548H         PUBLIC        Two_Menu_F1_E4
  X:054DH         PUBLIC        Two_Menu_F5_E1
  C:4E33H         PUBLIC        KeyDecoder
  X:054EH         PUBLIC        Two_Menu_F2_E4
  X:0553H         PUBLIC        Two_Menu_F6_E1
  X:0554H         PUBLIC        accumulate_decoder
  X:0555H         PUBLIC        Two_Menu_F7_E1
  X:0556H         PUBLIC        Two_Menu_F6_E2
  X:0557H         PUBLIC        Two_Menu_F8_E1
  X:0558H         PUBLIC        Two_Menu_F7_E2
  X:0559H         PUBLIC        Two_Menu_F6_E3
  C:76A3H         PUBLIC        return_Two_Menu_F3_E1
  X:055AH         PUBLIC        Two_Menu_F8_E2
  X:055BH         PUBLIC        Two_Menu_F7_E3
  X:055CH         PUBLIC        Two_Menu_F6_E4
  C:76AFH         PUBLIC        return_Two_Menu_F4_E1
  C:76A9H         PUBLIC        return_Two_Menu_F3_E2
  X:055DH         PUBLIC        Two_Menu_F7_E4
  X:055EH         PUBLIC        Two_Menu_F6_E5
[...]
  D:00A8H         PUBLIC        IE
  D:00B8H         PUBLIC        IP
  D:00D8H         PUBLIC        CCON
  C:738BH         PUBLIC        GD5800_initialization
  C:46E8H         PUBLIC        _submenuf6_1_voiceselect
  C:3894H         PUBLIC        _submenuf6_1
  D:0098H         PUBLIC        SCON
  D:0088H         PUBLIC        TCON
  C:68DFH         PUBLIC        _GD5800_select_chapter_new
  C:7179H         PUBLIC        _GD5800_sound_volume
  C:7463H         PUBLIC        GD5800_play_music
  D:00D0H         PUBLIC        PSW
  -------         PROC          GD5800_INITIALIZATION
  C:738BH         LINE#         6
  C:738BH         LINE#         7
  C:738BH         LINE#         9
  C:7390H         LINE#         10
  C:7395H         LINE#         11
  C:739AH         LINE#         12
  C:739FH         LINE#         13
  -------         ENDPROC       GD5800_INITIALIZATION
  -------         PROC          L?0083
  -------         ENDPROC       L?0083
  -------         PROC          _GD5800_SELECT_CHAPTER
  X:051BH         SYMBOL        chapter_number
  C:6A93H         LINE#         17
  C:6A9BH         LINE#         18
  C:6A9BH         LINE#         19
BL51 BANKED LINKER/LOCATER V6.22                                                      04/11/2016  14:38:45  PAGE 145


  C:6AA0H         LINE#         20
  C:6AA5H         LINE#         21
  C:6AAAH         LINE#         22
  C:6AB2H         LINE#         23
  C:6ABBH         LINE#         24
  -------         ENDPROC       _GD5800_SELECT_CHAPTER
  -------         PROC          _GD5800_SOUND_VOLUME
  X:04D1H         SYMBOL        volume
  C:7179H         LINE#         28
  C:717EH         LINE#         29
  C:717EH         LINE#         30
  C:7183H         LINE#         31
  C:7188H         LINE#         32
  C:718DH         LINE#         33
  C:7195H         LINE#         34
  -------         ENDPROC       _GD5800_SOUND_VOLUME
  -------         PROC          GD5800_STOP_MUSIC
  C:744FH         LINE#         38
  C:744FH         LINE#         39
  C:744FH         LINE#         40
  C:7454H         LINE#         41
  C:7459H         LINE#         42
  C:745EH         LINE#         43
  -------         ENDPROC       GD5800_STOP_MUSIC
  -------         PROC          GD5800_PLAY_MUSIC
  C:7463H         LINE#         46
  C:7463H         LINE#         47
  C:7463H         LINE#         48
  C:7468H         LINE#         49
  C:746DH         LINE#         50
  C:7472H         LINE#         51
  -------         ENDPROC       GD5800_PLAY_MUSIC
  -------         PROC          L?0082
  -------         ENDPROC       L?0082
  -------         PROC          _SUBMENUF6_1_VOICESELECT
  X:0517H         SYMBOL        report_mode
  D:0001H         SYMBOL        report_number
  -------         DO            
  X:0518H         SYMBOL        number
  -------         ENDDO         
  C:46E8H         LINE#         54
  C:46EDH         LINE#         55
  C:46EDH         LINE#         57
  C:46F6H         LINE#         58
  C:46FFH         LINE#         59
  C:46FFH         LINE#         60
  C:4707H         LINE#         61
  C:4707H         LINE#         62
  C:471CH         LINE#         63
  C:471EH         LINE#         65
  C:471EH         LINE#         66
  C:4731H         LINE#         67
  C:4731H         LINE#         68
  C:4734H         LINE#         69
  C:473BH         LINE#         70
  C:4742H         LINE#         71
  C:4742H         LINE#         72
BL51 BANKED LINKER/LOCATER V6.22                                                      04/11/2016  14:38:45  PAGE 146


  C:4742H         LINE#         74
  C:474BH         LINE#         75
  C:474BH         LINE#         76
  C:475CH         LINE#         77
  C:475EH         LINE#         79
  C:475EH         LINE#         80
  C:4771H         LINE#         81
  C:4771H         LINE#         82
  C:4775H         LINE#         83
  C:4775H         LINE#         84
  C:477DH         LINE#         85
  C:477DH         LINE#         86
  C:477FH         LINE#         87
  C:4781H         LINE#         89
  C:4781H         LINE#         90
  C:4797H         LINE#         91
  C:4797H         LINE#         92
  C:4799H         LINE#         94
  C:4799H         LINE#         95
  C:47B3H         LINE#         96
  C:47B3H         LINE#         97
  C:47B3H         LINE#         98
  C:47B3H         LINE#         100
  C:47BCH         LINE#         101
  C:47BCH         LINE#         102
  C:47CBH         LINE#         103
  C:47CDH         LINE#         105
  C:47CDH         LINE#         106
  C:47EBH         LINE#         107
  C:47EBH         LINE#         108
  C:47F2H         LINE#         110
  C:47F2H         LINE#         111
  C:47F2H         LINE#         112
  C:47F4H         LINE#         115
  C:47F4H         LINE#         116
  C:4806H         LINE#         117
  C:4806H         LINE#         118
  C:4806H         LINE#         119
  C:480AH         LINE#         120
  C:480CH         LINE#         121
  C:480CH         LINE#         122
  C:4810H         LINE#         123
  C:4812H         LINE#         124
  C:4812H         LINE#         125
  C:4816H         LINE#         126
  C:4818H         LINE#         127
  C:4818H         LINE#         128
  C:481FH         LINE#         129
  C:481FH         LINE#         130
  C:481FH         LINE#         131
  C:481FH         LINE#         132
  C:481FH         LINE#         133
  -------         ENDPROC       _SUBMENUF6_1_VOICESELECT
  -------         PROC          _SUBMENUF6_1
  X:0506H         SYMBOL        report_mode
  X:0507H         SYMBOL        report_number
  X:050AH         SYMBOL        call_type
BL51 BANKED LINKER/LOCATER V6.22                                                      04/11/2016  14:38:45  PAGE 147


  X:050CH         SYMBOL        key_value
  -------         DO            
  X:050DH         SYMBOL        mode
  X:050FH         SYMBOL        number
  X:0512H         SYMBOL        type
  X:0514H         SYMBOL        key
  X:0515H         SYMBOL        Two_Menu_F7_E1_temp
  X:0516H         SYMBOL        Two_Menu_F6_E7_temp
  -------         ENDDO         
  C:3894H         LINE#         154
  C:38A2H         LINE#         155
  C:38A2H         LINE#         160
  C:38A7H         LINE#         161
  C:38A9H         LINE#         162
  C:38B1H         LINE#         163
  C:38B9H         LINE#         164
  C:38C8H         LINE#         165
  C:38DDH         LINE#         166
  C:38ECH         LINE#         167
  C:38F4H         LINE#         168
  C:3900H         LINE#         169
  C:3900H         LINE#         170
  C:3905H         LINE#         172
  C:390CH         LINE#         173
  C:390CH         LINE#         174
  C:3913H         LINE#         175
  C:3913H         LINE#         177
  C:392BH         LINE#         178
  C:392BH         LINE#         179
  C:3932H         LINE#         180
  C:3932H         LINE#         183
  C:393DH         LINE#         184
  C:393DH         LINE#         186
  C:3954H         LINE#         187
  C:3954H         LINE#         188
  C:395CH         LINE#         189
  C:395CH         LINE#         190
  C:395FH         LINE#         191
  C:3961H         LINE#         193
  C:3961H         LINE#         194
  C:3974H         LINE#         195
  C:3974H         LINE#         196
  C:3977H         LINE#         197
  C:3979H         LINE#         198
  C:3979H         LINE#         199
  C:3979H         LINE#         201
  C:397BH         LINE#         202
  C:3998H         LINE#         203
  C:3998H         LINE#         204
  C:399FH         LINE#         205
  C:39A1H         LINE#         207
  C:39A1H         LINE#         208
  C:39C3H         LINE#         209
  C:39C3H         LINE#         210
  C:39C9H         LINE#         211
  C:39CFH         LINE#         212
  C:39D5H         LINE#         213
BL51 BANKED LINKER/LOCATER V6.22                                                      04/11/2016  14:38:45  PAGE 148


  C:39DBH         LINE#         214
  C:39E2H         LINE#         215
  C:39E2H         LINE#         216
  C:39E2H         LINE#         217
  C:39E2H         LINE#         218
  C:39E2H         LINE#         219
  C:39E5H         LINE#         221
  C:39F5H         LINE#         222
  C:39F5H         LINE#         223
  C:39FCH         LINE#         224
  C:39FCH         LINE#         226
  C:3A03H         LINE#         227
  C:3A03H         LINE#         229
  C:3A05H         LINE#         230
  C:3A07H         LINE#         231
  C:3A1AH         LINE#         232
  C:3A1AH         LINE#         233
  C:3A2AH         LINE#         234
  C:3A2AH         LINE#         235
  C:3A30H         LINE#         236
  C:3A32H         LINE#         237
  C:3A3EH         LINE#         238
  C:3A3EH         LINE#         239
  C:3A41H         LINE#         240
  C:3A41H         LINE#         241
  C:3A41H         LINE#         242
  C:3A43H         LINE#         244
  C:3A43H         LINE#         245
  C:3A56H         LINE#         246
  C:3A56H         LINE#         247
  C:3A5DH         LINE#         248
  C:3A5DH         LINE#         250
  C:3A5DH         LINE#         251
  C:3A60H         LINE#         252
  C:3A60H         LINE#         253
  C:3A60H         LINE#         255
  -------         ENDPROC       _SUBMENUF6_1
  -------         PROC          _GD5800_SELECT_CHAPTER_NEW
  X:0509H         SYMBOL        chapter_number
  -------         DO            
  C:68E7H         SYMBOL        tofun94
  -------         ENDDO         
  C:68DFH         LINE#         452
  C:68E7H         LINE#         453
  C:68E7H         LINE#         454
  C:68E7H         LINE#         455
  C:68EDH         LINE#         456
  C:68F2H         LINE#         457
  C:68F6H         LINE#         458
  C:6901H         LINE#         459
  C:6904H         LINE#         460
  C:6907H         LINE#         461
  C:690AH         LINE#         462
  C:690DH         LINE#         463
  C:6914H         LINE#         464
  C:6914H         LINE#         465
  -------         ENDPROC       _GD5800_SELECT_CHAPTER_NEW
BL51 BANKED LINKER/LOCATER V6.22                                                      04/11/2016  14:38:45  PAGE 149


  -------         ENDMOD        GD5800

  -------         MODULE        COM
  C:0000H         SYMBOL        _ICE_DUMMY_
  D:0080H         PUBLIC        P0
  D:0090H         PUBLIC        P1
  D:00A0H         PUBLIC        P2
  D:00B0H         PUBLIC        P3
  D:00C0H         PUBLIC        P4
  D:00C8H         PUBLIC        P5
  D:00E8H         PUBLIC        P6
  D:00F8H         PUBLIC        P7
  D:00A8H         PUBLIC        IE
  D:00B8H         PUBLIC        IP
  D:00D8H         PUBLIC        CCON
  D:0098H         PUBLIC        SCON
  D:0088H         PUBLIC        TCON
  C:3A61H         PUBLIC        _mcu_to_computer
  D:00D0H         PUBLIC        PSW
  -------         PROC          _MCU_TO_COMPUTER
  X:04F8H         SYMBOL        call_type
  X:04F9H         SYMBOL        number
  X:04FCH         SYMBOL        key_type
  -------         DO            
  X:04FDH         SYMBOL        temp1
  X:04FEH         SYMBOL        temp2
  X:04FFH         SYMBOL        key
  X:0500H         SYMBOL        sec
  X:0501H         SYMBOL        hour
  X:0502H         SYMBOL        min
  -------         ENDDO         
  C:3A61H         LINE#         5
  C:3A6FH         LINE#         6
  C:3A6FH         LINE#         7
  C:3A78H         LINE#         9
  C:3A7EH         LINE#         10
  C:3A81H         LINE#         12
  C:3A86H         LINE#         13
  C:3A8BH         LINE#         14
  C:3A90H         LINE#         15
  C:3A95H         LINE#         16
  C:3A9AH         LINE#         17
  C:3AA2H         LINE#         18
  C:3AA7H         LINE#         20
  C:3AC8H         LINE#         21
  C:3ADDH         LINE#         22
  C:3AE0H         LINE#         23
  C:3AE8H         LINE#         25
  C:3B30H         LINE#         26
  C:3B30H         LINE#         27
  C:3B30H         LINE#         28
  C:3B35H         LINE#         29
  C:3B35H         LINE#         30
  C:3B37H         LINE#         31
  C:3B37H         LINE#         32
  C:3B3CH         LINE#         33
  C:3B3CH         LINE#         34
BL51 BANKED LINKER/LOCATER V6.22                                                      04/11/2016  14:38:45  PAGE 150


  C:3B3EH         LINE#         35
  C:3B3EH         LINE#         36
  C:3B43H         LINE#         37
  C:3B43H         LINE#         38
  C:3B45H         LINE#         39
  C:3B45H         LINE#         40
  C:3B4AH         LINE#         41
  C:3B4AH         LINE#         42
  C:3B4CH         LINE#         43
  C:3B4CH         LINE#         44
  C:3B51H         LINE#         45
  C:3B51H         LINE#         46
  C:3B53H         LINE#         47
  C:3B53H         LINE#         48
  C:3B58H         LINE#         49
  C:3B58H         LINE#         50
  C:3B5AH         LINE#         51
  C:3B5AH         LINE#         52
  C:3B5FH         LINE#         53
  C:3B5FH         LINE#         54
  C:3B61H         LINE#         55
  C:3B61H         LINE#         56
  C:3B66H         LINE#         57
  C:3B66H         LINE#         58
  C:3B68H         LINE#         59
  C:3B68H         LINE#         60
  C:3B6DH         LINE#         61
  C:3B6DH         LINE#         62
  C:3B6FH         LINE#         63
  C:3B6FH         LINE#         64
  C:3B74H         LINE#         65
  C:3B74H         LINE#         66
  C:3B76H         LINE#         67
  C:3B76H         LINE#         68
  C:3B7BH         LINE#         69
  C:3B7BH         LINE#         70
  C:3B7DH         LINE#         71
  C:3B7DH         LINE#         72
  C:3B82H         LINE#         73
  C:3B82H         LINE#         74
  C:3B84H         LINE#         75
  C:3B84H         LINE#         76
  C:3B89H         LINE#         77
  C:3B89H         LINE#         78
  C:3B8BH         LINE#         79
  C:3B8BH         LINE#         80
  C:3B90H         LINE#         81
  C:3B90H         LINE#         82
  C:3B92H         LINE#         83
  C:3B92H         LINE#         84
  C:3B97H         LINE#         85
  C:3B97H         LINE#         86
  C:3B99H         LINE#         87
  C:3B99H         LINE#         88
  C:3B9EH         LINE#         89
  C:3BA2H         LINE#         90
  C:3BA2H         LINE#         91
BL51 BANKED LINKER/LOCATER V6.22                                                      04/11/2016  14:38:45  PAGE 151


  C:3BA2H         LINE#         96
  C:3BA7H         LINE#         97
  C:3BACH         LINE#         99
  C:3BC1H         LINE#         100
  C:3BD5H         LINE#         101
  C:3BE9H         LINE#         103
  C:3BEEH         LINE#         104
  C:3BF6H         LINE#         105
  C:3BFEH         LINE#         107
  C:3C26H         LINE#         110
  -------         ENDPROC       _MCU_TO_COMPUTER
  -------         ENDMOD        COM

  -------         MODULE        ?C?COPY
  C:2307H         PUBLIC        ?C?COPY
  -------         ENDMOD        ?C?COPY

  -------         MODULE        ?C?CLDPTR
  C:232DH         PUBLIC        ?C?CLDPTR
  -------         ENDMOD        ?C?CLDPTR

  -------         MODULE        ?C?CLDOPTR
  C:2346H         PUBLIC        ?C?CLDOPTR
  -------         ENDMOD        ?C?CLDOPTR

  -------         MODULE        ?C?CSTPTR
  C:2373H         PUBLIC        ?C?CSTPTR
  -------         ENDMOD        ?C?CSTPTR

  -------         MODULE        ?C?CSTOPTR
  C:2385H         PUBLIC        ?C?CSTOPTR
  -------         ENDMOD        ?C?CSTOPTR

  -------         MODULE        ?C?IMUL
  C:23A7H         PUBLIC        ?C?IMUL
  -------         ENDMOD        ?C?IMUL

  -------         MODULE        ?C?UIDIV
  C:23B9H         PUBLIC        ?C?UIDIV
  -------         ENDMOD        ?C?UIDIV

  -------         MODULE        ?C?ILDIX
  C:240EH         PUBLIC        ?C?ILDIX
  -------         ENDMOD        ?C?ILDIX

  -------         MODULE        ?C?ULCMP
  C:2424H         PUBLIC        ?C?ULCMP
  -------         ENDMOD        ?C?ULCMP

  -------         MODULE        ?C?LSHL
  C:2435H         PUBLIC        ?C?LSHL
  -------         ENDMOD        ?C?LSHL

  -------         MODULE        ?C?LLDPTR
  C:2448H         PUBLIC        ?C?LLDPTR
  -------         ENDMOD        ?C?LLDPTR

BL51 BANKED LINKER/LOCATER V6.22                                                      04/11/2016  14:38:45  PAGE 152


  -------         MODULE        ?C?LLDOPTR
  C:2468H         PUBLIC        ?C?LLDOPTR
  -------         ENDMOD        ?C?LLDOPTR

  -------         MODULE        ?C?LSTPTR
  C:2498H         PUBLIC        ?C?LSTPTR
  -------         ENDMOD        ?C?LSTPTR

  -------         MODULE        ?C?LSTXDATA
  C:24B2H         PUBLIC        ?C?LSTXDATA
  -------         ENDMOD        ?C?LSTXDATA

  -------         MODULE        ?C?CCASE
  C:24BEH         PUBLIC        ?C?CCASE
  -------         ENDMOD        ?C?CCASE

  -------         MODULE        ?C?ICALL
  C:24E4H         PUBLIC        ?C?ICALL
  C:24E8H         PUBLIC        ?C?ICALL2
  -------         ENDMOD        ?C?ICALL

  -------         MODULE        ?C?STRCMP
  C:2668H         PUBLIC        ?C?STRCMP
  -------         ENDMOD        ?C?STRCMP

  -------         MODULE        ?C?MEMSET
  C:2685H         PUBLIC        ?C?MEMSET
  -------         ENDMOD        ?C?MEMSET

  -------         MODULE        VSPRINTF
  X:060AH         PUBLIC        ?_VSPRINTF?BYTE
  C:66D4H         PUBLIC        _VSPRINTF
  -------         ENDMOD        VSPRINTF

  -------         MODULE        ?C?LLDIDATA
  C:26B1H         PUBLIC        ?C?LLDIDATA
  -------         ENDMOD        ?C?LLDIDATA

  -------         MODULE        ?C?LLDXDATA
  C:26BDH         PUBLIC        ?C?LLDXDATA
  -------         ENDMOD        ?C?LLDXDATA

  -------         MODULE        ?C?LLDPDATA
  C:26C9H         PUBLIC        ?C?LLDPDATA
  -------         ENDMOD        ?C?LLDPDATA

  -------         MODULE        ?C?LLDCODE
  C:26D5H         PUBLIC        ?C?LLDCODE
  -------         ENDMOD        ?C?LLDCODE

  -------         MODULE        ?C?LSTIDATA
  C:26E5H         PUBLIC        ?C?LSTIDATA
  -------         ENDMOD        ?C?LSTIDATA

  -------         MODULE        ?C?LSTPDATA
  C:26F1H         PUBLIC        ?C?LSTPDATA
  -------         ENDMOD        ?C?LSTPDATA
BL51 BANKED LINKER/LOCATER V6.22                                                      04/11/2016  14:38:45  PAGE 153



  -------         MODULE        PRINTF
  X:0563H         PUBLIC        ?_PRINTF517?BYTE
  X:0563H         PUBLIC        ?_PRINTF?BYTE
  X:0563H         PUBLIC        ?_SPRINTF517?BYTE
  X:0563H         PUBLIC        ?_SPRINTF?BYTE
  C:2B91H         PUBLIC        _PRINTF
  C:2B91H         PUBLIC        _PRINTF517
  C:2B8BH         PUBLIC        _SPRINTF
  C:2B8BH         PUBLIC        _SPRINTF517
  -------         ENDMOD        PRINTF

  -------         MODULE        ?C?PLDIXDATA
  C:26FDH         PUBLIC        ?C?PLDIXDATA
  -------         ENDMOD        ?C?PLDIXDATA

  -------         MODULE        ?C?PSTXDATA
  C:2714H         PUBLIC        ?C?PSTXDATA
  -------         ENDMOD        ?C?PSTXDATA

  -------         MODULE        PUTCHAR
  C:6F67H         PUBLIC        _PUTCHAR
  -------         ENDMOD        PUTCHAR

*** WARNING L16: UNCALLED SEGMENT, IGNORED FOR OVERLAY PROCESS
    SEGMENT: ?PR?_USART2_SENDSTRING?USART

*** WARNING L16: UNCALLED SEGMENT, IGNORED FOR OVERLAY PROCESS
    SEGMENT: ?PR?_SENDSTRING?USART

*** WARNING L16: UNCALLED SEGMENT, IGNORED FOR OVERLAY PROCESS
    SEGMENT: ?PR?_UART_PRINTF?USART

*** WARNING L16: UNCALLED SEGMENT, IGNORED FOR OVERLAY PROCESS
    SEGMENT: ?PR?SHOW_ON?TM1629

*** WARNING L16: UNCALLED SEGMENT, IGNORED FOR OVERLAY PROCESS
    SEGMENT: ?PR?_DELAYMS?AT24C256

*** WARNING L16: UNCALLED SEGMENT, IGNORED FOR OVERLAY PROCESS
    SEGMENT: ?PR?GD5800_PLAY_MUSIC?GD5800

Program Size: data=23.3 xdata=1564 code=30756
LINK/LOCATE RUN COMPLETE.  6 WARNING(S),  0 ERROR(S)
